Component: ARM Compiler 5.06 update 7 (build 960) Tool: armlink [4d3601]

==============================================================================

Section Cross References

    startup_stm32f427x.o(STACK) refers (Special) to heapauxi.o(.text) for __use_two_region_memory
    startup_stm32f427x.o(HEAP) refers (Special) to heapauxi.o(.text) for __use_two_region_memory
    startup_stm32f427x.o(RESET) refers (Special) to heapauxi.o(.text) for __use_two_region_memory
    startup_stm32f427x.o(RESET) refers to startup_stm32f427x.o(STACK) for __initial_sp
    startup_stm32f427x.o(RESET) refers to startup_stm32f427x.o(.text) for Reset_Handler
    startup_stm32f427x.o(RESET) refers to stm32f4xx_it.o(i.NMI_Handler) for NMI_Handler
    startup_stm32f427x.o(RESET) refers to stm32f4xx_it.o(i.HardFault_Handler) for HardFault_Handler
    startup_stm32f427x.o(RESET) refers to stm32f4xx_it.o(i.MemManage_Handler) for MemManage_Handler
    startup_stm32f427x.o(RESET) refers to stm32f4xx_it.o(i.BusFault_Handler) for BusFault_Handler
    startup_stm32f427x.o(RESET) refers to stm32f4xx_it.o(i.UsageFault_Handler) for UsageFault_Handler
    startup_stm32f427x.o(RESET) refers to port.o(.emb_text) for SVC_Handler
    startup_stm32f427x.o(RESET) refers to stm32f4xx_it.o(i.DebugMon_Handler) for DebugMon_Handler
    startup_stm32f427x.o(RESET) refers to delay.o(i.SysTick_Handler) for SysTick_Handler
    startup_stm32f427x.o(RESET) refers to gtim.o(i.TIM3_IRQHandler) for TIM3_IRQHandler
    startup_stm32f427x.o(RESET) refers to usart.o(i.USART1_IRQHandler) for USART1_IRQHandler
    startup_stm32f427x.o(.text) refers (Special) to heapauxi.o(.text) for __use_two_region_memory
    startup_stm32f427x.o(.text) refers to system_stm32f4xx.o(i.SystemInit) for SystemInit
    startup_stm32f427x.o(.text) refers to __main.o(!!!main) for __main
    startup_stm32f427x.o(.text) refers to startup_stm32f427x.o(HEAP) for Heap_Mem
    startup_stm32f427x.o(.text) refers to startup_stm32f427x.o(STACK) for Stack_Mem
    main.o(i.main) refers to stm32f4xx_hal.o(i.HAL_Init) for HAL_Init
    main.o(i.main) refers to delay.o(i.delay_init) for delay_init
    main.o(i.main) refers to usart.o(i.usart_init) for usart_init
    main.o(i.main) refers to led.o(i.led_init) for led_init
    main.o(i.main) refers to key.o(i.key_init) for key_init
    main.o(i.main) refers to sdram.o(i.SDRAM_Init) for SDRAM_Init
    main.o(i.main) refers to freertos_demo.o(i.freertos_demo) for freertos_demo
    system_stm32f4xx.o(i.SystemCoreClockUpdate) refers to system_stm32f4xx.o(.data) for SystemCoreClock
    system_stm32f4xx.o(i.SystemCoreClockUpdate) refers to system_stm32f4xx.o(.constdata) for AHBPrescTable
    freertos_demo.o(i.StartTask) refers to port.o(i.vPortEnterCritical) for vPortEnterCritical
    freertos_demo.o(i.StartTask) refers to tasks.o(i.xTaskCreateStatic) for xTaskCreateStatic
    freertos_demo.o(i.StartTask) refers to tasks.o(i.vTaskDelete) for vTaskDelete
    freertos_demo.o(i.StartTask) refers to port.o(i.vPortExitCritical) for vPortExitCritical
    freertos_demo.o(i.StartTask) refers to freertos_demo.o(.bss) for task1_tcb
    freertos_demo.o(i.StartTask) refers to freertos_demo.o(i.Task1) for Task1
    freertos_demo.o(i.StartTask) refers to freertos_demo.o(.data) for task1_handler
    freertos_demo.o(i.StartTask) refers to freertos_demo.o(i.Task2) for Task2
    freertos_demo.o(i.StartTask) refers to freertos_demo.o(i.Task3) for Task3
    freertos_demo.o(i.Task1) refers to stm32f4xx_hal_gpio.o(i.HAL_GPIO_TogglePin) for HAL_GPIO_TogglePin
    freertos_demo.o(i.Task1) refers to tasks.o(i.vTaskDelay) for vTaskDelay
    freertos_demo.o(i.Task2) refers to stm32f4xx_hal_gpio.o(i.HAL_GPIO_TogglePin) for HAL_GPIO_TogglePin
    freertos_demo.o(i.Task2) refers to tasks.o(i.vTaskDelay) for vTaskDelay
    freertos_demo.o(i.Task3) refers to key.o(i.key_scan) for key_scan
    freertos_demo.o(i.Task3) refers to tasks.o(i.vTaskDelete) for vTaskDelete
    freertos_demo.o(i.Task3) refers to tasks.o(i.vTaskDelay) for vTaskDelay
    freertos_demo.o(i.Task3) refers to freertos_demo.o(.data) for task1_handler
    freertos_demo.o(i.freertos_demo) refers to tasks.o(i.xTaskCreateStatic) for xTaskCreateStatic
    freertos_demo.o(i.freertos_demo) refers to tasks.o(i.vTaskStartScheduler) for vTaskStartScheduler
    freertos_demo.o(i.freertos_demo) refers to freertos_demo.o(.bss) for start_task_tcb
    freertos_demo.o(i.freertos_demo) refers to freertos_demo.o(i.StartTask) for StartTask
    freertos_demo.o(i.freertos_demo) refers to freertos_demo.o(.data) for start_task_handler
    freertos_demo.o(i.vApplicationGetIdleTaskMemory) refers to freertos_demo.o(.bss) for idle_task_tcb
    freertos_demo.o(i.vApplicationGetTimerTaskMemory) refers to freertos_demo.o(.bss) for timer_task_tcb
    delay.o(i.SysTick_Handler) refers to stm32f4xx_hal.o(i.HAL_IncTick) for HAL_IncTick
    delay.o(i.SysTick_Handler) refers to tasks.o(i.xTaskGetSchedulerState) for xTaskGetSchedulerState
[...]
    i.Task1                                  0x080017e8   Section        0  freertos_demo.o(i.Task1)
    i.Task2                                  0x08001808   Section        0  freertos_demo.o(i.Task2)
    i.Task3                                  0x08001828   Section        0  freertos_demo.o(i.Task3)
    i.UART_DMAAbortOnError                   0x08001854   Section        0  stm32f4xx_hal_uart.o(i.UART_DMAAbortOnError)
    UART_DMAAbortOnError                     0x08001855   Thumb Code    20  stm32f4xx_hal_uart.o(i.UART_DMAAbortOnError)
    i.UART_EndRxTransfer                     0x08001868   Section        0  stm32f4xx_hal_uart.o(i.UART_EndRxTransfer)
    UART_EndRxTransfer                       0x08001869   Thumb Code    54  stm32f4xx_hal_uart.o(i.UART_EndRxTransfer)
    i.UART_EndTransmit_IT                    0x0800189e   Section        0  stm32f4xx_hal_uart.o(i.UART_EndTransmit_IT)
    UART_EndTransmit_IT                      0x0800189f   Thumb Code    32  stm32f4xx_hal_uart.o(i.UART_EndTransmit_IT)
    i.UART_Receive_IT                        0x080018be   Section        0  stm32f4xx_hal_uart.o(i.UART_Receive_IT)
    UART_Receive_IT                          0x080018bf   Thumb Code   190  stm32f4xx_hal_uart.o(i.UART_Receive_IT)
    i.UART_SetConfig                         0x0800197c   Section        0  stm32f4xx_hal_uart.o(i.UART_SetConfig)
    UART_SetConfig                           0x0800197d   Thumb Code   546  stm32f4xx_hal_uart.o(i.UART_SetConfig)
    i.UART_Start_Receive_IT                  0x08001ba8   Section        0  stm32f4xx_hal_uart.o(i.UART_Start_Receive_IT)
    i.UART_Transmit_IT                       0x08001bee   Section        0  stm32f4xx_hal_uart.o(i.UART_Transmit_IT)
    UART_Transmit_IT                         0x08001bef   Thumb Code    96  stm32f4xx_hal_uart.o(i.UART_Transmit_IT)
    i.USART1_IRQHandler                      0x08001c50   Section        0  usart.o(i.USART1_IRQHandler)
    i.UsageFault_Handler                     0x08001ca0   Section        0  stm32f4xx_it.o(i.UsageFault_Handler)
    i.__NVIC_GetPriorityGrouping             0x08001ca4   Section        0  stm32f4xx_hal_cortex.o(i.__NVIC_GetPriorityGrouping)
    __NVIC_GetPriorityGrouping               0x08001ca5   Thumb Code    10  stm32f4xx_hal_cortex.o(i.__NVIC_GetPriorityGrouping)
    i.__NVIC_SetPriority                     0x08001cb4   Section        0  stm32f4xx_hal_cortex.o(i.__NVIC_SetPriority)
    __NVIC_SetPriority                       0x08001cb5   Thumb Code    32  stm32f4xx_hal_cortex.o(i.__NVIC_SetPriority)
    i._sys_exit                              0x08001cdc   Section        0  usart.o(i._sys_exit)
    i.delay_init                             0x08001ce0   Section        0  delay.o(i.delay_init)
    i.delay_ms                               0x08001d18   Section        0  delay.o(i.delay_ms)
    i.delay_us                               0x08001d30   Section        0  delay.o(i.delay_us)
    i.fputc                                  0x08001d78   Section        0  usart.o(i.fputc)
    i.freertos_demo                          0x08001d94   Section        0  freertos_demo.o(i.freertos_demo)
    i.key_init                               0x08001dd4   Section        0  key.o(i.key_init)
    i.key_scan                               0x08001ed4   Section        0  key.o(i.key_scan)
    i.led_init                               0x08001f9c   Section        0  led.o(i.led_init)
    i.main                                   0x08002038   Section        0  main.o(i.main)
    i.prvAddCurrentTaskToDelayedList         0x08002060   Section        0  tasks.o(i.prvAddCurrentTaskToDelayedList)
    prvAddCurrentTaskToDelayedList           0x08002061   Thumb Code   174  tasks.o(i.prvAddCurrentTaskToDelayedList)
    i.prvAddNewTaskToReadyList               0x0800212c   Section        0  tasks.o(i.prvAddNewTaskToReadyList)
    prvAddNewTaskToReadyList                 0x0800212d   Thumb Code   206  tasks.o(i.prvAddNewTaskToReadyList)
    i.prvCheckForValidListAndQueue           0x08002218   Section        0  timers.o(i.prvCheckForValidListAndQueue)
    prvCheckForValidListAndQueue             0x08002219   Thumb Code    78  timers.o(i.prvCheckForValidListAndQueue)
    i.prvCheckTasksWaitingTermination        0x0800228c   Section        0  tasks.o(i.prvCheckTasksWaitingTermination)
    prvCheckTasksWaitingTermination          0x0800228d   Thumb Code    60  tasks.o(i.prvCheckTasksWaitingTermination)
    i.prvCopyDataFromQueue                   0x080022d4   Section        0  queue.o(i.prvCopyDataFromQueue)
    prvCopyDataFromQueue                     0x080022d5   Thumb Code    42  queue.o(i.prvCopyDataFromQueue)
    i.prvCopyDataToQueue                     0x080022fe   Section        0  queue.o(i.prvCopyDataToQueue)
    prvCopyDataToQueue                       0x080022ff   Thumb Code   126  queue.o(i.prvCopyDataToQueue)
    i.prvDeleteTCB                           0x0800237c   Section        0  tasks.o(i.prvDeleteTCB)
    prvDeleteTCB                             0x0800237d   Thumb Code    70  tasks.o(i.prvDeleteTCB)
    i.prvGetNextExpireTime                   0x080023f8   Section        0  timers.o(i.prvGetNextExpireTime)
    prvGetNextExpireTime                     0x080023f9   Thumb Code    36  timers.o(i.prvGetNextExpireTime)
    i.prvIdleTask                            0x08002420   Section        0  tasks.o(i.prvIdleTask)
    prvIdleTask                              0x08002421   Thumb Code    32  tasks.o(i.prvIdleTask)
    i.prvInitialiseNewQueue                  0x08002448   Section        0  queue.o(i.prvInitialiseNewQueue)
    prvInitialiseNewQueue                    0x08002449   Thumb Code    46  queue.o(i.prvInitialiseNewQueue)
    i.prvInitialiseNewTask                   0x08002478   Section        0  tasks.o(i.prvInitialiseNewTask)
    prvInitialiseNewTask                     0x08002479   Thumb Code   208  tasks.o(i.prvInitialiseNewTask)
    i.prvInitialiseTaskLists                 0x0800257c   Section        0  tasks.o(i.prvInitialiseTaskLists)
    prvInitialiseTaskLists                   0x0800257d   Thumb Code    70  tasks.o(i.prvInitialiseTaskLists)
    i.prvInsertBlockIntoFreeList             0x080025e4   Section        0  heap_4.o(i.prvInsertBlockIntoFreeList)
    prvInsertBlockIntoFreeList               0x080025e5   Thumb Code    96  heap_4.o(i.prvInsertBlockIntoFreeList)
    i.prvInsertTimerInActiveList             0x0800264c   Section        0  timers.o(i.prvInsertTimerInActiveList)
    prvInsertTimerInActiveList               0x0800264d   Thumb Code    80  timers.o(i.prvInsertTimerInActiveList)
    i.prvIsQueueEmpty                        0x080026a4   Section        0  queue.o(i.prvIsQueueEmpty)
    prvIsQueueEmpty                          0x080026a5   Thumb Code    26  queue.o(i.prvIsQueueEmpty)
    i.prvNotifyQueueSetContainer             0x080026c0   Section        0  queue.o(i.prvNotifyQueueSetContainer)
    prvNotifyQueueSetContainer               0x080026c1   Thumb Code   142  queue.o(i.prvNotifyQueueSetContainer)
    i.prvProcessExpiredTimer                 0x08002784   Section        0  timers.o(i.prvProcessExpiredTimer)
    prvProcessExpiredTimer                   0x08002785   Thumb Code    62  timers.o(i.prvProcessExpiredTimer)
    i.prvProcessReceivedCommands             0x080027c8   Section        0  timers.o(i.prvProcessReceivedCommands)
    prvProcessReceivedCommands               0x080027c9   Thumb Code   306  timers.o(i.prvProcessReceivedCommands)
    i.prvProcessTimerOrBlockTask             0x08002934   Section        0  timers.o(i.prvProcessTimerOrBlockTask)
    prvProcessTimerOrBlockTask               0x08002935   Thumb Code   102  timers.o(i.prvProcessTimerOrBlockTask)
    i.prvReloadTimer                         0x080029a8   Section        0  timers.o(i.prvReloadTimer)
    prvReloadTimer                           0x080029a9   Thumb Code    40  timers.o(i.prvReloadTimer)
    i.prvResetNextTaskUnblockTime            0x080029d0   Section        0  tasks.o(i.prvResetNextTaskUnblockTime)
    prvResetNextTaskUnblockTime              0x080029d1   Thumb Code    40  tasks.o(i.prvResetNextTaskUnblockTime)
    i.prvSampleTimeNow                       0x08002a00   Section        0  timers.o(i.prvSampleTimeNow)
    prvSampleTimeNow                         0x08002a01   Thumb Code    40  timers.o(i.prvSampleTimeNow)
    i.prvSwitchTimerLists                    0x08002a2c   Section        0  timers.o(i.prvSwitchTimerLists)
    prvSwitchTimerLists                      0x08002a2d   Thumb Code    58  timers.o(i.prvSwitchTimerLists)
    i.prvTaskExitError                       0x08002a70   Section        0  port.o(i.prvTaskExitError)
    prvTaskExitError                         0x08002a71   Thumb Code    48  port.o(i.prvTaskExitError)
    i.prvTimerTask                           0x08002af0   Section        0  timers.o(i.prvTimerTask)
    prvTimerTask                             0x08002af1   Thumb Code    26  timers.o(i.prvTimerTask)
    i.prvUnlockQueue                         0x08002b0a   Section        0  queue.o(i.prvUnlockQueue)
    prvUnlockQueue                           0x08002b0b   Thumb Code   144  queue.o(i.prvUnlockQueue)
    i.pxPortInitialiseStack                  0x08002b9c   Section        0  port.o(i.pxPortInitialiseStack)
    i.usart_init                             0x08002bc8   Section        0  usart.o(i.usart_init)
    i.uxListRemove                           0x08002c00   Section        0  list.o(i.uxListRemove)
    i.vApplicationGetIdleTaskMemory          0x08002c28   Section        0  freertos_demo.o(i.vApplicationGetIdleTaskMemory)
    i.vApplicationGetTimerTaskMemory         0x08002c40   Section        0  freertos_demo.o(i.vApplicationGetTimerTaskMemory)
    i.vListInitialise                        0x08002c58   Section        0  list.o(i.vListInitialise)
    i.vListInitialiseItem                    0x08002c72   Section        0  list.o(i.vListInitialiseItem)
    i.vListInsert                            0x08002c78   Section        0  list.o(i.vListInsert)
    i.vListInsertEnd                         0x08002cac   Section        0  list.o(i.vListInsertEnd)
    i.vPortEnterCritical                     0x08002cc4   Section        0  port.o(i.vPortEnterCritical)
    i.vPortExitCritical                      0x08002d5c   Section        0  port.o(i.vPortExitCritical)
    i.vPortFree                              0x08002ddc   Section        0  heap_4.o(i.vPortFree)
    i.vPortSetupTimerInterrupt               0x08002eb4   Section        0  port.o(i.vPortSetupTimerInterrupt)
    i.vQueueAddToRegistry                    0x08002edc   Section        0  queue.o(i.vQueueAddToRegistry)
    i.vQueueWaitForMessageRestricted         0x08002f68   Section        0  queue.o(i.vQueueWaitForMessageRestricted)
    i.vTaskDelay                             0x08002fb4   Section        0  tasks.o(i.vTaskDelay)
    i.vTaskDelete                            0x08003038   Section        0  tasks.o(i.vTaskDelete)
    i.vTaskInternalSetTimeOutState           0x0800315c   Section        0  tasks.o(i.vTaskInternalSetTimeOutState)
    i.vTaskMissedYield                       0x08003174   Section        0  tasks.o(i.vTaskMissedYield)
    i.vTaskPlaceOnEventList                  0x08003180   Section        0  tasks.o(i.vTaskPlaceOnEventList)
    i.vTaskPlaceOnEventListRestricted        0x080031e4   Section        0  tasks.o(i.vTaskPlaceOnEventListRestricted)
    i.vTaskStartScheduler                    0x08003270   Section        0  tasks.o(i.vTaskStartScheduler)
    i.vTaskSuspendAll                        0x0800335c   Section        0  tasks.o(i.vTaskSuspendAll)
    i.vTaskSwitchContext                     0x0800336c   Section        0  tasks.o(i.vTaskSwitchContext)
    i.xPortStartScheduler                    0x08003424   Section        0  port.o(i.xPortStartScheduler)
    i.xPortSysTickHandler                    0x080035d0   Section        0  port.o(i.xPortSysTickHandler)
    i.xQueueGenericCreateStatic              0x08003604   Section        0  queue.o(i.xQueueGenericCreateStatic)
    i.xQueueGenericReset                     0x080036b8   Section        0  queue.o(i.xQueueGenericReset)
    i.xQueueReceive                          0x080037b4   Section        0  queue.o(i.xQueueReceive)
    i.xTaskCheckForTimeOut                   0x08003934   Section        0  tasks.o(i.xTaskCheckForTimeOut)
    i.xTaskCreateStatic                      0x08003a00   Section        0  tasks.o(i.xTaskCreateStatic)
    i.xTaskGetSchedulerState                 0x08003ad0   Section        0  tasks.o(i.xTaskGetSchedulerState)
    i.xTaskGetTickCount                      0x08003af0   Section        0  tasks.o(i.xTaskGetTickCount)
    i.xTaskIncrementTick                     0x08003afc   Section        0  tasks.o(i.xTaskIncrementTick)
    i.xTaskPriorityDisinherit                0x08003ce4   Section        0  tasks.o(i.xTaskPriorityDisinherit)
    i.xTaskRemoveFromEventList               0x08003df4   Section        0  tasks.o(i.xTaskRemoveFromEventList)
    i.xTaskResumeAll                         0x08003f40   Section        0  tasks.o(i.xTaskResumeAll)
    i.xTimerCreateTimerTask                  0x080040e0   Section        0  timers.o(i.xTimerCreateTimerTask)
    x$fpl$fpinit                             0x08004184   Section       10  fpinit.o(x$fpl$fpinit)
    $v0                                      0x08004184   Number         0  fpinit.o(x$fpl$fpinit)
    .constdata                               0x0800418e   Section       24  system_stm32f4xx.o(.constdata)
    .ARM.__AT_0x10000000                     0x10000000   Section    61440  malloc.o(.ARM.__AT_0x10000000)
    mem2base                                 0x10000000   Data       61440  malloc.o(.ARM.__AT_0x10000000)
    .ARM.__AT_0x1000F000                     0x1000f000   Section     3840  malloc.o(.ARM.__AT_0x1000F000)
    mem2mapbase                              0x1000f000   Data        3840  malloc.o(.ARM.__AT_0x1000F000)
    .data                                    0x20000000   Section        4  system_stm32f4xx.o(.data)
    .data                                    0x20000004   Section       16  freertos_demo.o(.data)
    .data                                    0x20000014   Section        4  delay.o(.data)
    g_fac_us                                 0x20000014   Data           4  delay.o(.data)
    .data                                    0x20000018   Section        7  usart.o(.data)
    .data                                    0x20000020   Section        9  stm32f4xx_hal.o(.data)
    .data                                    0x20000029   Section        1  key.o(.data)
    key_up                                   0x20000029   Data           1  key.o(.data)
    .data                                    0x2000002c   Section       64  tasks.o(.data)
    pxDelayedTaskList                        0x20000030   Data           4  tasks.o(.data)
    pxOverflowDelayedTaskList                0x20000034   Data           4  tasks.o(.data)
    uxDeletedTasksWaitingCleanUp             0x20000038   Data           4  tasks.o(.data)
    uxCurrentNumberOfTasks                   0x2000003c   Data           4  tasks.o(.data)
    xTickCount                               0x20000040   Data           4  tasks.o(.data)
    uxTopReadyPriority                       0x20000044   Data           4  tasks.o(.data)
    xSchedulerRunning                        0x20000048   Data           4  tasks.o(.data)
    xPendedTicks                             0x2000004c   Data           4  tasks.o(.data)
    xYieldPending                            0x20000050   Data           4  tasks.o(.data)
    xNumOfOverflows                          0x20000054   Data           4  tasks.o(.data)
    uxTaskNumber                             0x20000058   Data           4  tasks.o(.data)
    xNextTaskUnblockTime                     0x2000005c   Data           4  tasks.o(.data)
    xIdleTaskHandle                          0x20000060   Data           4  tasks.o(.data)
    uxSchedulerSuspended                     0x20000068   Data           4  tasks.o(.data)
    .data                                    0x2000006c   Section       20  timers.o(.data)
    pxCurrentTimerList                       0x2000006c   Data           4  timers.o(.data)
    pxOverflowTimerList                      0x20000070   Data           4  timers.o(.data)
    xTimerQueue                              0x20000074   Data           4  timers.o(.data)
    xTimerTaskHandle                         0x20000078   Data           4  timers.o(.data)
    xLastTime                                0x2000007c   Data           4  timers.o(.data)
    .data                                    0x20000080   Section       32  heap_4.o(.data)
    xStart                                   0x20000080   Data           8  heap_4.o(.data)
    pxEnd                                    0x20000088   Data           4  heap_4.o(.data)
    xFreeBytesRemaining                      0x2000008c   Data           4  heap_4.o(.data)
    xMinimumEverFreeBytesRemaining           0x20000090   Data           4  heap_4.o(.data)
    xNumberOfSuccessfulAllocations           0x20000094   Data           4  heap_4.o(.data)
    xNumberOfSuccessfulFrees                 0x20000098   Data           4  heap_4.o(.data)
    xBlockAllocatedBit                       0x2000009c   Data           4  heap_4.o(.data)
    .data                                    0x200000a0   Section       12  port.o(.data)
    uxCriticalNesting                        0x200000a0   Data           4  port.o(.data)
    ucMaxSysCallPriority                     0x200000a4   Data           1  port.o(.data)
    ulMaxPRIGROUPValue                       0x200000a8   Data           4  port.o(.data)
    .bss                                     0x200000ac   Section     4136  freertos_demo.o(.bss)
    .bss                                     0x200010d4   Section      268  usart.o(.bss)
    .bss                                     0x200011e0   Section       72  gtim.o(.bss)
    .bss                                     0x20001228   Section       52  sdram.o(.bss)
    .bss                                     0x2000125c   Section       64  queue.o(.bss)
    .bss                                     0x2000129c   Section      740  tasks.o(.bss)
    pxReadyTasksLists                        0x2000129c   Data         640  tasks.o(.bss)
    xDelayedTaskList1                        0x2000151c   Data          20  tasks.o(.bss)
    xDelayedTaskList2                        0x20001530   Data          20  tasks.o(.bss)
    xPendingReadyList                        0x20001544   Data          20  tasks.o(.bss)
    xTasksWaitingTermination                 0x20001558   Data          20  tasks.o(.bss)
    xSuspendedTaskList                       0x2000156c   Data          20  tasks.o(.bss)
    .bss                                     0x20001580   Section      204  timers.o(.bss)
    xActiveTimerList1                        0x20001580   Data          20  timers.o(.bss)
    xActiveTimerList2                        0x20001594   Data          20  timers.o(.bss)
    xStaticTimerQueue                        0x200015a8   Data          84  timers.o(.bss)
    ucStaticTimerQueueStorage                0x200015fc   Data          80  timers.o(.bss)
    .bss                                     0x2000164c   Section       96  libspace.o(.bss)
    HEAP                                     0x200016b0   Section      512  startup_stm32f427x.o(HEAP)
    Heap_Mem                                 0x200016b0   Data         512  startup_stm32f427x.o(HEAP)
    STACK                                    0x200018b0   Section     1024  startup_stm32f427x.o(STACK)
    Stack_Mem                                0x200018b0   Data        1024  startup_stm32f427x.o(STACK)
    __initial_sp                             0x20001cb0   Data           0  startup_stm32f427x.o(STACK)
    .ARM.__AT_0x68000000                     0x68000000   Section    986112  malloc.o(.ARM.__AT_0x68000000)
    mem3base                                 0x68000000   Data       986112  malloc.o(.ARM.__AT_0x68000000)
    .ARM.__AT_0x680F0C00                     0x680f0c00   Section    61632  malloc.o(.ARM.__AT_0x680F0C00)
    mem3mapbase                              0x680f0c00   Data       61632  malloc.o(.ARM.__AT_0x680F0C00)

    Global Symbols

    Symbol Name                              Value     Ov Type        Size  Object(Section)

    BuildAttributes$$THM_ISAv4$E$P$D$K$B$S$7EM$VFPi3$EXTD16$VFPS$VFMA$PE$A:L22UL41UL21$X:L11$S22US41US21$IEEE1$IW$USESV6$~STKCKD$USESV7$~SHL$OSPACE$ROPI$EBA8$UX$STANDARDLIB$REQ8$PRES8$EABIv2 0x00000000   Number         0  anon$$obj.o ABSOLUTE
    __ARM_use_no_argv                        0x00000000   Number         0  main.o ABSOLUTE
    __ARM_exceptions_init                     - Undefined Weak Reference
    __alloca_initialize                       - Undefined Weak Reference
    __arm_fini_                               - Undefined Weak Reference
    __arm_preinit_                            - Undefined Weak Reference
    __cpp_initialize__aeabi_                  - Undefined Weak Reference
    __cxa_finalize                            - Undefined Weak Reference
    __rt_locale                               - Undefined Weak Reference
    __sigvec_lookup                           - Undefined Weak Reference
    _atexit_init                              - Undefined Weak Reference
    _call_atexit_fns                          - Undefined Weak Reference
    _clock_init                               - Undefined Weak Reference
    _fp_trap_init                             - Undefined Weak Reference
    _fp_trap_shutdown                         - Undefined Weak Reference
    _get_lc_collate                           - Undefined Weak Reference
    _get_lc_ctype                             - Undefined Weak Reference
    _get_lc_monetary                          - Undefined Weak Reference
    _get_lc_numeric                           - Undefined Weak Reference
    _get_lc_time                              - Undefined Weak Reference
    _getenv_init                              - Undefined Weak Reference
    _handle_redirection                       - Undefined Weak Reference
    _init_alloc                               - Undefined Weak Reference
    _init_user_alloc                          - Undefined Weak Reference
    _initio                                   - Undefined Weak Reference
    _mutex_acquire                            - Undefined Weak Reference
    _mutex_release                            - Undefined Weak Reference
    _printf_mbtowc                            - Undefined Weak Reference
    _printf_post_padding                      - Undefined Weak Reference
    _printf_pre_padding                       - Undefined Weak Reference
    _printf_truncate_signed                   - Undefined Weak Reference
    _printf_truncate_unsigned                 - Undefined Weak Reference
    _rand_init                                - Undefined Weak Reference
    _signal_finish                            - Undefined Weak Reference
    _signal_init                              - Undefined Weak Reference
    _terminate_alloc                          - Undefined Weak Reference
    _terminate_user_alloc                     - Undefined Weak Reference
    _terminateio                              - Undefined Weak Reference
    __Vectors_Size                           0x000001ac   Number         0  startup_stm32f427x.o ABSOLUTE
    __Vectors                                0x08000000   Data           4  startup_stm32f427x.o(RESET)
    __Vectors_End                            0x080001ac   Data           0  startup_stm32f427x.o(RESET)
    __main                                   0x080001ad   Thumb Code     8  __main.o(!!!main)
    __scatterload                            0x080001b5   Thumb Code     0  __scatter.o(!!!scatter)
    __scatterload_rt2                        0x080001b5   Thumb Code    44  __scatter.o(!!!scatter)
    __scatterload_rt2_thumb_only             0x080001b5   Thumb Code     0  __scatter.o(!!!scatter)
    __scatterload_null                       0x080001c3   Thumb Code     0  __scatter.o(!!!scatter)
    __scatterload_copy                       0x080001e9   Thumb Code    26  __scatter_copy.o(!!handler_copy)
    __scatterload_zeroinit                   0x08000205   Thumb Code    28  __scatter_zi.o(!!handler_zi)
    _printf_d                                0x08000221   Thumb Code     0  _printf_d.o(.ARM.Collect$$_printf_percent$$00000009)
    _printf_percent                          0x08000221   Thumb Code     0  _printf_percent.o(.ARM.Collect$$_printf_percent$$00000000)
    _printf_s                                0x08000227   Thumb Code     0  _printf_s.o(.ARM.Collect$$_printf_percent$$00000014)
    _printf_percent_end                      0x0800022d   Thumb Code     0  _printf_percent_end.o(.ARM.Collect$$_printf_percent$$00000017)
    __rt_lib_init                            0x08000231   Thumb Code     0  libinit.o(.ARM.Collect$$libinit$$00000000)
    __rt_lib_init_fp_1                       0x08000233   Thumb Code     0  libinit2.o(.ARM.Collect$$libinit$$00000001)
    __rt_lib_init_alloca_1                   0x08000237   Thumb Code     0  libinit2.o(.ARM.Collect$$libinit$$0000002E)
    __rt_lib_init_argv_1                     0x08000237   Thumb Code     0  libinit2.o(.ARM.Collect$$libinit$$0000002C)
    __rt_lib_init_atexit_1                   0x08000237   Thumb Code     0  libinit2.o(.ARM.Collect$$libinit$$0000001B)
    __rt_lib_init_clock_1                    0x08000237   Thumb Code     0  libinit2.o(.ARM.Collect$$libinit$$00000021)
    __rt_lib_init_cpp_1                      0x08000237   Thumb Code     0  libinit2.o(.ARM.Collect$$libinit$$00000032)
    __rt_lib_init_exceptions_1               0x08000237   Thumb Code     0  libinit2.o(.ARM.Collect$$libinit$$00000030)
    __rt_lib_init_fp_trap_1                  0x08000237   Thumb Code     0  libinit2.o(.ARM.Collect$$libinit$$0000001F)
    __rt_lib_init_getenv_1                   0x08000237   Thumb Code     0  libinit2.o(.ARM.Collect$$libinit$$00000023)
    __rt_lib_init_heap_1                     0x08000237   Thumb Code     0  libinit2.o(.ARM.Collect$$libinit$$0000000A)
    __rt_lib_init_lc_collate_1               0x08000237   Thumb Code     0  libinit2.o(.ARM.Collect$$libinit$$00000011)
    __rt_lib_init_lc_ctype_1                 0x08000237   Thumb Code     0  libinit2.o(.ARM.Collect$$libinit$$00000013)
    __rt_lib_init_lc_monetary_1              0x08000237   Thumb Code     0  libinit2.o(.ARM.Collect$$libinit$$00000015)
    __rt_lib_init_lc_numeric_1               0x08000237   Thumb Code     0  libinit2.o(.ARM.Collect$$libinit$$00000017)
    __rt_lib_init_lc_time_1                  0x08000237   Thumb Code     0  libinit2.o(.ARM.Collect$$libinit$$00000019)
    __rt_lib_init_preinit_1                  0x08000237   Thumb Code     0  libinit2.o(.ARM.Collect$$libinit$$00000004)
    __rt_lib_init_rand_1                     0x08000237   Thumb Code     0  libinit2.o(.ARM.Collect$$libinit$$0000000E)
    __rt_lib_init_return                     0x08000237   Thumb Code     0  libinit2.o(.ARM.Collect$$libinit$$00000033)
    __rt_lib_init_signal_1                   0x08000237   Thumb Code     0  libinit2.o(.ARM.Collect$$libinit$$0000001D)
    __rt_lib_init_stdio_1                    0x08000237   Thumb Code     0  libinit2.o(.ARM.Collect$$libinit$$00000025)
    __rt_lib_init_user_alloc_1               0x08000237   Thumb Code     0  libinit2.o(.ARM.Collect$$libinit$$0000000C)
    __rt_lib_shutdown                        0x08000239   Thumb Code     0  libshutdown.o(.ARM.Collect$$libshutdown$$00000000)
    __rt_lib_shutdown_cpp_1                  0x0800023b   Thumb Code     0  libshutdown2.o(.ARM.Collect$$libshutdown$$00000004)
    __rt_lib_shutdown_fini_1                 0x0800023b   Thumb Code     0  libshutdown2.o(.ARM.Collect$$libshutdown$$00000002)
    __rt_lib_shutdown_fp_trap_1              0x0800023b   Thumb Code     0  libshutdown2.o(.ARM.Collect$$libshutdown$$00000009)
    __rt_lib_shutdown_heap_1                 0x0800023b   Thumb Code     0  libshutdown2.o(.ARM.Collect$$libshutdown$$00000011)
    __rt_lib_shutdown_return                 0x0800023b   Thumb Code     0  libshutdown2.o(.ARM.Collect$$libshutdown$$00000012)
    __rt_lib_shutdown_signal_1               0x0800023b   Thumb Code     0  libshutdown2.o(.ARM.Collect$$libshutdown$$0000000C)
    __rt_lib_shutdown_stdio_1                0x0800023b   Thumb Code     0  libshutdown2.o(.ARM.Collect$$libshutdown$$00000006)
    __rt_lib_shutdown_user_alloc_1           0x0800023b   Thumb Code     0  libshutdown2.o(.ARM.Collect$$libshutdown$$0000000E)
    __rt_entry                               0x0800023d   Thumb Code     0  __rtentry.o(.ARM.Collect$$rtentry$$00000000)
    __rt_entry_presh_1                       0x0800023d   Thumb Code     0  __rtentry2.o(.ARM.Collect$$rtentry$$00000002)
    __rt_entry_sh                            0x0800023d   Thumb Code     0  __rtentry4.o(.ARM.Collect$$rtentry$$00000004)
    __rt_entry_li                            0x08000243   Thumb Code     0  __rtentry2.o(.ARM.Collect$$rtentry$$0000000A)
    __rt_entry_postsh_1                      0x08000243   Thumb Code     0  __rtentry2.o(.ARM.Collect$$rtentry$$00000009)
    __rt_entry_main                          0x08000247   Thumb Code     0  __rtentry2.o(.ARM.Collect$$rtentry$$0000000D)
    __rt_entry_postli_1                      0x08000247   Thumb Code     0  __rtentry2.o(.ARM.Collect$$rtentry$$0000000C)
    __rt_exit                                0x0800024f   Thumb Code     0  rtexit.o(.ARM.Collect$$rtexit$$00000000)
    __rt_exit_ls                             0x08000251   Thumb Code     0  rtexit2.o(.ARM.Collect$$rtexit$$00000003)
    __rt_exit_prels_1                        0x08000251   Thumb Code     0  rtexit2.o(.ARM.Collect$$rtexit$$00000002)
    __rt_exit_exit                           0x08000255   Thumb Code     0  rtexit2.o(.ARM.Collect$$rtexit$$00000004)
    SVC_Handler                              0x0800025d   Thumb Code    28  port.o(.emb_text)
    __asm___6_port_c_39a90d8d__prvStartFirstTask 0x0800027d   Thumb Code    36  port.o(.emb_text)
    __asm___6_port_c_39a90d8d__prvEnableVFP  0x080002a5   Thumb Code    16  port.o(.emb_text)
    PendSV_Handler                           0x080002b9   Thumb Code    88  port.o(.emb_text)
    vPortGetIPSR                             0x08000315   Thumb Code     6  port.o(.emb_text)
    Reset_Handler                            0x0800031d   Thumb Code     8  startup_stm32f427x.o(.text)
    ADC_IRQHandler                           0x08000337   Thumb Code     0  startup_stm32f427x.o(.text)
    CAN1_RX0_IRQHandler                      0x08000337   Thumb Code     0  startup_stm32f427x.o(.text)
    CAN1_RX1_IRQHandler                      0x08000337   Thumb Code     0  startup_stm32f427x.o(.text)
    CAN1_SCE_IRQHandler                      0x08000337   Thumb Code     0  startup_stm32f427x.o(.text)
    CAN1_TX_IRQHandler                       0x08000337   Thumb Code     0  startup_stm32f427x.o(.text)
    CAN2_RX0_IRQHandler                      0x08000337   Thumb Code     0  startup_stm32f427x.o(.text)
    CAN2_RX1_IRQHandler                      0x08000337   Thumb Code     0  startup_stm32f427x.o(.text)
    CAN2_SCE_IRQHandler                      0x08000337   Thumb Code     0  startup_stm32f427x.o(.text)
    CAN2_TX_IRQHandler                       0x08000337   Thumb Code     0  startup_stm32f427x.o(.text)
    CRYP_IRQHandler                          0x08000337   Thumb Code     0  startup_stm32f427x.o(.text)
    DCMI_IRQHandler                          0x08000337   Thumb Code     0  startup_stm32f427x.o(.text)
    DMA1_Stream0_IRQHandler                  0x08000337   Thumb Code     0  startup_stm32f427x.o(.text)
    DMA1_Stream1_IRQHandler                  0x08000337   Thumb Code     0  startup_stm32f427x.o(.text)
    DMA1_Stream2_IRQHandler                  0x08000337   Thumb Code     0  startup_stm32f427x.o(.text)
    DMA1_Stream3_IRQHandler                  0x08000337   Thumb Code     0  startup_stm32f427x.o(.text)
    DMA1_Stream4_IRQHandler                  0x08000337   Thumb Code     0  startup_stm32f427x.o(.text)
    DMA1_Stream5_IRQHandler                  0x08000337   Thumb Code     0  startup_stm32f427x.o(.text)
    DMA1_Stream6_IRQHandler                  0x08000337   Thumb Code     0  startup_stm32f427x.o(.text)
    DMA1_Stream7_IRQHandler                  0x08000337   Thumb Code     0  startup_stm32f427x.o(.text)
    DMA2D_IRQHandler                         0x08000337   Thumb Code     0  startup_stm32f427x.o(.text)
    DMA2_Stream0_IRQHandler                  0x08000337   Thumb Code     0  startup_stm32f427x.o(.text)
    DMA2_Stream1_IRQHandler                  0x08000337   Thumb Code     0  startup_stm32f427x.o(.text)
    DMA2_Stream2_IRQHandler                  0x08000337   Thumb Code     0  startup_stm32f427x.o(.text)
    DMA2_Stream3_IRQHandler                  0x08000337   Thumb Code     0  startup_stm32f427x.o(.text)
    DMA2_Stream4_IRQHandler                  0x08000337   Thumb Code     0  startup_stm32f427x.o(.text)
    DMA2_Stream5_IRQHandler                  0x08000337   Thumb Code     0  startup_stm32f427x.o(.text)
    DMA2_Stream6_IRQHandler                  0x08000337   Thumb Code     0  startup_stm32f427x.o(.text)
    DMA2_Stream7_IRQHandler                  0x08000337   Thumb Code     0  startup_stm32f427x.o(.text)
    ETH_IRQHandler                           0x08000337   Thumb Code     0  startup_stm32f427x.o(.text)
    ETH_WKUP_IRQHandler                      0x08000337   Thumb Code     0  startup_stm32f427x.o(.text)
    EXTI0_IRQHandler                         0x08000337   Thumb Code     0  startup_stm32f427x.o(.text)
    EXTI15_10_IRQHandler                     0x08000337   Thumb Code     0  startup_stm32f427x.o(.text)
    EXTI1_IRQHandler                         0x08000337   Thumb Code     0  startup_stm32f427x.o(.text)
    EXTI2_IRQHandler                         0x08000337   Thumb Code     0  startup_stm32f427x.o(.text)
    EXTI3_IRQHandler                         0x08000337   Thumb Code     0  startup_stm32f427x.o(.text)
    EXTI4_IRQHandler                         0x08000337   Thumb Code     0  startup_stm32f427x.o(.text)
    EXTI9_5_IRQHandler                       0x08000337   Thumb Code     0  startup_stm32f427x.o(.text)
    FLASH_IRQHandler                         0x08000337   Thumb Code     0  startup_stm32f427x.o(.text)
    FMC_IRQHandler                           0x08000337   Thumb Code     0  startup_stm32f427x.o(.text)
    FPU_IRQHandler                           0x08000337   Thumb Code     0  startup_stm32f427x.o(.text)
    HASH_RNG_IRQHandler                      0x08000337   Thumb Code     0  startup_stm32f427x.o(.text)
    I2C1_ER_IRQHandler                       0x08000337   Thumb Code     0  startup_stm32f427x.o(.text)
    I2C1_EV_IRQHandler                       0x08000337   Thumb Code     0  startup_stm32f427x.o(.text)
    I2C2_ER_IRQHandler                       0x08000337   Thumb Code     0  startup_stm32f427x.o(.text)
    I2C2_EV_IRQHandler                       0x08000337   Thumb Code     0  startup_stm32f427x.o(.text)
    I2C3_ER_IRQHandler                       0x08000337   Thumb Code     0  startup_stm32f427x.o(.text)
    I2C3_EV_IRQHandler                       0x08000337   Thumb Code     0  startup_stm32f427x.o(.text)
    OTG_FS_IRQHandler                        0x08000337   Thumb Code     0  startup_stm32f427x.o(.text)
    OTG_FS_WKUP_IRQHandler                   0x08000337   Thumb Code     0  startup_stm32f427x.o(.text)
    OTG_HS_EP1_IN_IRQHandler                 0x08000337   Thumb Code     0  startup_stm32f427x.o(.text)
    OTG_HS_EP1_OUT_IRQHandler                0x08000337   Thumb Code     0  startup_stm32f427x.o(.text)
    OTG_HS_IRQHandler                        0x08000337   Thumb Code     0  startup_stm32f427x.o(.text)
    OTG_HS_WKUP_IRQHandler                   0x08000337   Thumb Code     0  startup_stm32f427x.o(.text)
    PVD_IRQHandler                           0x08000337   Thumb Code     0  startup_stm32f427x.o(.text)
    RCC_IRQHandler                           0x08000337   Thumb Code     0  startup_stm32f427x.o(.text)
    RTC_Alarm_IRQHandler                     0x08000337   Thumb Code     0  startup_stm32f427x.o(.text)
    RTC_WKUP_IRQHandler                      0x08000337   Thumb Code     0  startup_stm32f427x.o(.text)
    SAI1_IRQHandler                          0x08000337   Thumb Code     0  startup_stm32f427x.o(.text)
    SDIO_IRQHandler                          0x08000337   Thumb Code     0  startup_stm32f427x.o(.text)
    SPI1_IRQHandler                          0x08000337   Thumb Code     0  startup_stm32f427x.o(.text)
    SPI2_IRQHandler                          0x08000337   Thumb Code     0  startup_stm32f427x.o(.text)
    SPI3_IRQHandler                          0x08000337   Thumb Code     0  startup_stm32f427x.o(.text)
    SPI4_IRQHandler                          0x08000337   Thumb Code     0  startup_stm32f427x.o(.text)
    SPI5_IRQHandler                          0x08000337   Thumb Code     0  startup_stm32f427x.o(.text)
    SPI6_IRQHandler                          0x08000337   Thumb Code     0  startup_stm32f427x.o(.text)
    TAMP_STAMP_IRQHandler                    0x08000337   Thumb Code     0  startup_stm32f427x.o(.text)
    TIM1_BRK_TIM9_IRQHandler                 0x08000337   Thumb Code     0  startup_stm32f427x.o(.text)
    TIM1_CC_IRQHandler                       0x08000337   Thumb Code     0  startup_stm32f427x.o(.text)
    TIM1_TRG_COM_TIM11_IRQHandler            0x08000337   Thumb Code     0  startup_stm32f427x.o(.text)
    TIM1_UP_TIM10_IRQHandler                 0x08000337   Thumb Code     0  startup_stm32f427x.o(.text)
    TIM2_IRQHandler                          0x08000337   Thumb Code     0  startup_stm32f427x.o(.text)
    TIM4_IRQHandler                          0x08000337   Thumb Code     0  startup_stm32f427x.o(.text)
    TIM5_IRQHandler                          0x08000337   Thumb Code     0  startup_stm32f427x.o(.text)
    TIM6_DAC_IRQHandler                      0x08000337   Thumb Code     0  startup_stm32f427x.o(.text)
    TIM7_IRQHandler                          0x08000337   Thumb Code     0  startup_stm32f427x.o(.text)
    TIM8_BRK_TIM12_IRQHandler                0x08000337   Thumb Code     0  startup_stm32f427x.o(.text)
    TIM8_CC_IRQHandler                       0x08000337   Thumb Code     0  startup_stm32f427x.o(.text)
    TIM8_TRG_COM_TIM14_IRQHandler            0x08000337   Thumb Code     0  startup_stm32f427x.o(.text)
    TIM8_UP_TIM13_IRQHandler                 0x08000337   Thumb Code     0  startup_stm32f427x.o(.text)
    UART4_IRQHandler                         0x08000337   Thumb Code     0  startup_stm32f427x.o(.text)
    UART5_IRQHandler                         0x08000337   Thumb Code     0  startup_stm32f427x.o(.text)
    UART7_IRQHandler                         0x08000337   Thumb Code     0  startup_stm32f427x.o(.text)
    UART8_IRQHandler                         0x08000337   Thumb Code     0  startup_stm32f427x.o(.text)
    USART2_IRQHandler                        0x08000337   Thumb Code     0  startup_stm32f427x.o(.text)
    USART3_IRQHandler                        0x08000337   Thumb Code     0  startup_stm32f427x.o(.text)
    USART6_IRQHandler                        0x08000337   Thumb Code     0  startup_stm32f427x.o(.text)
    WWDG_IRQHandler                          0x08000337   Thumb Code     0  startup_stm32f427x.o(.text)
    __user_initial_stackheap                 0x08000339   Thumb Code     0  startup_stm32f427x.o(.text)
    __use_no_semihosting                     0x0800035d   Thumb Code     2  use_no_semi_2.o(.text)
    __aeabi_uldivmod                         0x0800035f   Thumb Code     0  lludivv7m.o(.text)
    _ll_udiv                                 0x0800035f   Thumb Code   238  lludivv7m.o(.text)
    __2printf                                0x0800044d   Thumb Code    20  noretval__2printf.o(.text)
    __printf                                 0x08000465   Thumb Code   104  __printf.o(.text)
    _printf_str                              0x080004cd   Thumb Code    82  _printf_str.o(.text)
    _printf_int_dec                          0x08000521   Thumb Code   104  _printf_dec.o(.text)
    __aeabi_memcpy                           0x08000599   Thumb Code     0  rt_memcpy_v6.o(.text)
    __rt_memcpy                              0x08000599   Thumb Code   138  rt_memcpy_v6.o(.text)
    _memcpy_lastbytes                        0x080005ff   Thumb Code     0  rt_memcpy_v6.o(.text)
    __aeabi_memset                           0x08000623   Thumb Code    16  aeabi_memset.o(.text)
    __aeabi_memclr4                          0x08000633   Thumb Code     0  rt_memclr_w.o(.text)
    __aeabi_memclr8                          0x08000633   Thumb Code     0  rt_memclr_w.o(.text)
    __rt_memclr_w                            0x08000633   Thumb Code    78  rt_memclr_w.o(.text)
    _memset_w                                0x08000637   Thumb Code     0  rt_memclr_w.o(.text)
    __use_two_region_memory                  0x08000681   Thumb Code     2  heapauxi.o(.text)
    __rt_heap_escrow$2region                 0x08000683   Thumb Code     2  heapauxi.o(.text)
    __rt_heap_expand$2region                 0x08000685   Thumb Code     2  heapauxi.o(.text)
    __semihosting$guard                      0x08000687   Thumb Code     0  use_no_semi.o(.text)
    __use_no_semihosting_swi                 0x08000687   Thumb Code     2  use_no_semi.o(.text)
    _printf_int_common                       0x08000689   Thumb Code   178  _printf_intcommon.o(.text)
    _printf_char_common                      0x08000747   Thumb Code    32  _printf_char_common.o(.text)
    _printf_cs_common                        0x0800076d   Thumb Code    20  _printf_char.o(.text)
    _printf_char                             0x08000781   Thumb Code    16  _printf_char.o(.text)
    _printf_string                           0x08000791   Thumb Code     8  _printf_char.o(.text)
    _printf_char_file                        0x08000799   Thumb Code    32  _printf_char_file.o(.text)
    __aeabi_memcpy4                          0x080007bd   Thumb Code     0  rt_memcpy_w.o(.text)
    __aeabi_memcpy8                          0x080007bd   Thumb Code     0  rt_memcpy_w.o(.text)
    __rt_memcpy_w                            0x080007bd   Thumb Code   100  rt_memcpy_w.o(.text)
    _memcpy_lastbytes_aligned                0x08000805   Thumb Code     0  rt_memcpy_w.o(.text)
    __aeabi_memclr                           0x08000821   Thumb Code     0  rt_memclr.o(.text)
    __rt_memclr                              0x08000821   Thumb Code    68  rt_memclr.o(.text)
    _memset                                  0x08000825   Thumb Code     0  rt_memclr.o(.text)
    ferror                                   0x08000865   Thumb Code     8  ferror.o(.text)
    __user_setup_stackheap                   0x0800086d   Thumb Code    74  sys_stackheap_outer.o(.text)
    exit                                     0x080008b7   Thumb Code    18  exit.o(.text)
    __user_libspace                          0x080008c9   Thumb Code     8  libspace.o(.text)
    __user_perproc_libspace                  0x080008c9   Thumb Code     0  libspace.o(.text)
    __user_perthread_libspace                0x080008c9   Thumb Code     0  libspace.o(.text)
    BusFault_Handler                         0x080008d1   Thumb Code     4  stm32f4xx_it.o(i.BusFault_Handler)
    DebugMon_Handler                         0x080008d5   Thumb Code     2  stm32f4xx_it.o(i.DebugMon_Handler)
    FMC_SDRAM_Init                           0x080008d7   Thumb Code   116  stm32f4xx_ll_fmc.o(i.FMC_SDRAM_Init)
    FMC_SDRAM_ProgramRefreshRate             0x0800094b   Thumb Code    14  stm32f4xx_ll_fmc.o(i.FMC_SDRAM_ProgramRefreshRate)
    FMC_SDRAM_SendCommand                    0x08000959   Thumb Code    82  stm32f4xx_ll_fmc.o(i.FMC_SDRAM_SendCommand)
    FMC_SDRAM_Timing_Init                    0x080009ad   Thumb Code   152  stm32f4xx_ll_fmc.o(i.FMC_SDRAM_Timing_Init)
    HAL_DMA_Abort                            0x08000a49   Thumb Code   170  stm32f4xx_hal_dma.o(i.HAL_DMA_Abort)
    HAL_DMA_Abort_IT                         0x08000af3   Thumb Code    40  stm32f4xx_hal_dma.o(i.HAL_DMA_Abort_IT)
    HAL_GPIO_Init                            0x08000b1d   Thumb Code   490  stm32f4xx_hal_gpio.o(i.HAL_GPIO_Init)
    HAL_GPIO_ReadPin                         0x08000d3d   Thumb Code    16  stm32f4xx_hal_gpio.o(i.HAL_GPIO_ReadPin)
    HAL_GPIO_TogglePin                       0x08000d4d   Thumb Code    20  stm32f4xx_hal_gpio.o(i.HAL_GPIO_TogglePin)
    HAL_GPIO_WritePin                        0x08000d61   Thumb Code    12  stm32f4xx_hal_gpio.o(i.HAL_GPIO_WritePin)
    HAL_GetTick                              0x08000d6d   Thumb Code     6  stm32f4xx_hal.o(i.HAL_GetTick)
    HAL_IncTick                              0x08000d79   Thumb Code    16  stm32f4xx_hal.o(i.HAL_IncTick)
    HAL_Init                                 0x08000d91   Thumb Code    44  stm32f4xx_hal.o(i.HAL_Init)
    HAL_InitTick                             0x08000dc1   Thumb Code    64  stm32f4xx_hal.o(i.HAL_InitTick)
    HAL_MspInit                              0x08000e0d   Thumb Code     2  stm32f4xx_hal.o(i.HAL_MspInit)
    HAL_NVIC_EnableIRQ                       0x08000e0f   Thumb Code    32  stm32f4xx_hal_cortex.o(i.HAL_NVIC_EnableIRQ)
    HAL_NVIC_SetPriority                     0x08000e2f   Thumb Code   124  stm32f4xx_hal_cortex.o(i.HAL_NVIC_SetPriority)
    HAL_NVIC_SetPriorityGrouping             0x08000ead   Thumb Code    32  stm32f4xx_hal_cortex.o(i.HAL_NVIC_SetPriorityGrouping)
    HAL_RCC_GetHCLKFreq                      0x08000ed5   Thumb Code     6  stm32f4xx_hal_rcc.o(i.HAL_RCC_GetHCLKFreq)
    HAL_RCC_GetPCLK1Freq                     0x08000ee1   Thumb Code    22  stm32f4xx_hal_rcc.o(i.HAL_RCC_GetPCLK1Freq)
    HAL_RCC_GetPCLK2Freq                     0x08000f01   Thumb Code    22  stm32f4xx_hal_rcc.o(i.HAL_RCC_GetPCLK2Freq)
    HAL_SDRAM_Init                           0x08000f21   Thumb Code    64  stm32f4xx_hal_sdram.o(i.HAL_SDRAM_Init)
    HAL_SDRAM_MspInit                        0x08000f61   Thumb Code   282  sdram.o(i.HAL_SDRAM_MspInit)
    HAL_SDRAM_ProgramRefreshRate             0x08001095   Thumb Code    40  stm32f4xx_hal_sdram.o(i.HAL_SDRAM_ProgramRefreshRate)
    HAL_SDRAM_SendCommand                    0x080010bd   Thumb Code    58  stm32f4xx_hal_sdram.o(i.HAL_SDRAM_SendCommand)
    HAL_SYSTICK_CLKSourceConfig              0x080010f7   Thumb Code    40  stm32f4xx_hal_cortex.o(i.HAL_SYSTICK_CLKSourceConfig)
    HAL_SYSTICK_Config                       0x0800111f   Thumb Code    52  stm32f4xx_hal_cortex.o(i.HAL_SYSTICK_Config)
    HAL_UARTEx_RxEventCallback               0x08001153   Thumb Code     2  stm32f4xx_hal_uart.o(i.HAL_UARTEx_RxEventCallback)
    HAL_UART_ErrorCallback                   0x08001155   Thumb Code     2  stm32f4xx_hal_uart.o(i.HAL_UART_ErrorCallback)
    HAL_UART_GetState                        0x08001157   Thumb Code    20  stm32f4xx_hal_uart.o(i.HAL_UART_GetState)
    HAL_UART_IRQHandler                      0x0800116d   Thumb Code   586  stm32f4xx_hal_uart.o(i.HAL_UART_IRQHandler)
    HAL_UART_Init                            0x080013bd   Thumb Code   114  stm32f4xx_hal_uart.o(i.HAL_UART_Init)
    HAL_UART_MspInit                         0x08001431   Thumb Code   190  usart.o(i.HAL_UART_MspInit)
    HAL_UART_Receive_IT                      0x080014fd   Thumb Code    66  stm32f4xx_hal_uart.o(i.HAL_UART_Receive_IT)
    HAL_UART_RxCpltCallback                  0x08001541   Thumb Code   120  usart.o(i.HAL_UART_RxCpltCallback)
    HAL_UART_TxCpltCallback                  0x080015c9   Thumb Code     2  stm32f4xx_hal_uart.o(i.HAL_UART_TxCpltCallback)
    HardFault_Handler                        0x080015cb   Thumb Code     4  stm32f4xx_it.o(i.HardFault_Handler)
    MemManage_Handler                        0x080015cf   Thumb Code     4  stm32f4xx_it.o(i.MemManage_Handler)
    NMI_Handler                              0x080015d3   Thumb Code     2  stm32f4xx_it.o(i.NMI_Handler)
    SDRAM_Init                               0x080015d5   Thumb Code    96  sdram.o(i.SDRAM_Init)
    SDRAM_Initialization_Sequence            0x0800163d   Thumb Code    78  sdram.o(i.SDRAM_Initialization_Sequence)
    SDRAM_Send_Cmd                           0x08001691   Thumb Code    68  sdram.o(i.SDRAM_Send_Cmd)
    StartTask                                0x080016d9   Thumb Code   106  freertos_demo.o(i.StartTask)
    SysTick_Handler                          0x08001791   Thumb Code    20  delay.o(i.SysTick_Handler)
    SystemInit                               0x080017a5   Thumb Code    14  system_stm32f4xx.o(i.SystemInit)
    TIM3_IRQHandler                          0x080017b9   Thumb Code    40  gtim.o(i.TIM3_IRQHandler)
    Task1                                    0x080017e9   Thumb Code    26  freertos_demo.o(i.Task1)
    Task2                                    0x08001809   Thumb Code    26  freertos_demo.o(i.Task2)
    Task3                                    0x08001829   Thumb Code    38  freertos_demo.o(i.Task3)
    UART_Start_Receive_IT                    0x08001ba9   Thumb Code    70  stm32f4xx_hal_uart.o(i.UART_Start_Receive_IT)
    USART1_IRQHandler                        0x08001c51   Thumb Code    66  usart.o(i.USART1_IRQHandler)
    UsageFault_Handler                       0x08001ca1   Thumb Code     4  stm32f4xx_it.o(i.UsageFault_Handler)
    _sys_exit                                0x08001cdd   Thumb Code     4  usart.o(i._sys_exit)
    delay_init                               0x08001ce1   Thumb Code    52  delay.o(i.delay_init)
    delay_ms                                 0x08001d19   Thumb Code    24  delay.o(i.delay_ms)
    delay_us                                 0x08001d31   Thumb Code    68  delay.o(i.delay_us)
    fputc                                    0x08001d79   Thumb Code    22  usart.o(i.fputc)
    freertos_demo                            0x08001d95   Thumb Code    36  freertos_demo.o(i.freertos_demo)
    key_init                                 0x08001dd5   Thumb Code   240  key.o(i.key_init)
    key_scan                                 0x08001ed5   Thumb Code   184  key.o(i.key_scan)
    led_init                                 0x08001f9d   Thumb Code   142  led.o(i.led_init)
    main                                     0x08002039   Thumb Code    40  main.o(i.main)
    pxPortInitialiseStack                    0x08002b9d   Thumb Code    38  port.o(i.pxPortInitialiseStack)
    usart_init                               0x08002bc9   Thumb Code    44  usart.o(i.usart_init)
    uxListRemove                             0x08002c01   Thumb Code    40  list.o(i.uxListRemove)
    vApplicationGetIdleTaskMemory            0x08002c29   Thumb Code    14  freertos_demo.o(i.vApplicationGetIdleTaskMemory)
    vApplicationGetTimerTaskMemory           0x08002c41   Thumb Code    16  freertos_demo.o(i.vApplicationGetTimerTaskMemory)
    vListInitialise                          0x08002c59   Thumb Code    26  list.o(i.vListInitialise)
    vListInitialiseItem                      0x08002c73   Thumb Code     6  list.o(i.vListInitialiseItem)
    vListInsert                              0x08002c79   Thumb Code    52  list.o(i.vListInsert)
    vListInsertEnd                           0x08002cad   Thumb Code    24  list.o(i.vListInsertEnd)
    vPortEnterCritical                       0x08002cc5   Thumb Code    68  port.o(i.vPortEnterCritical)
    vPortExitCritical                        0x08002d5d   Thumb Code    48  port.o(i.vPortExitCritical)
    vPortFree                                0x08002ddd   Thumb Code   130  heap_4.o(i.vPortFree)
    vPortSetupTimerInterrupt                 0x08002eb5   Thumb Code    36  port.o(i.vPortSetupTimerInterrupt)
    vQueueAddToRegistry                      0x08002edd   Thumb Code    84  queue.o(i.vQueueAddToRegistry)
    vQueueWaitForMessageRestricted           0x08002f69   Thumb Code    74  queue.o(i.vQueueWaitForMessageRestricted)
    vTaskDelay                               0x08002fb5   Thumb Code    72  tasks.o(i.vTaskDelay)
    vTaskDelete                              0x08003039   Thumb Code   200  tasks.o(i.vTaskDelete)
    vTaskInternalSetTimeOutState             0x0800315d   Thumb Code    14  tasks.o(i.vTaskInternalSetTimeOutState)
    vTaskMissedYield                         0x08003175   Thumb Code     8  tasks.o(i.vTaskMissedYield)
    vTaskPlaceOnEventList                    0x08003181   Thumb Code    42  tasks.o(i.vTaskPlaceOnEventList)
    vTaskPlaceOnEventListRestricted          0x080031e5   Thumb Code    84  tasks.o(i.vTaskPlaceOnEventListRestricted)
    vTaskStartScheduler                      0x08003271   Thumb Code   150  tasks.o(i.vTaskStartScheduler)
    vTaskSuspendAll                          0x0800335d   Thumb Code    12  tasks.o(i.vTaskSuspendAll)
    vTaskSwitchContext                       0x0800336d   Thumb Code   110  tasks.o(i.vTaskSwitchContext)
    xPortStartScheduler                      0x08003425   Thumb Code   322  port.o(i.xPortStartScheduler)
    xPortSysTickHandler                      0x080035d1   Thumb Code    46  port.o(i.xPortSysTickHandler)
    xQueueGenericCreateStatic                0x08003605   Thumb Code   126  queue.o(i.xQueueGenericCreateStatic)
    xQueueGenericReset                       0x080036b9   Thumb Code   194  queue.o(i.xQueueGenericReset)
    xQueueReceive                            0x080037b5   Thumb Code   326  queue.o(i.xQueueReceive)
    xTaskCheckForTimeOut                     0x08003935   Thumb Code   140  tasks.o(i.xTaskCheckForTimeOut)
    xTaskCreateStatic                        0x08003a01   Thumb Code   154  tasks.o(i.xTaskCreateStatic)
    xTaskGetSchedulerState                   0x08003ad1   Thumb Code    24  tasks.o(i.xTaskGetSchedulerState)
    xTaskGetTickCount                        0x08003af1   Thumb Code     6  tasks.o(i.xTaskGetTickCount)
    xTaskIncrementTick                       0x08003afd   Thumb Code   390  tasks.o(i.xTaskIncrementTick)
    xTaskPriorityDisinherit                  0x08003ce5   Thumb Code   206  tasks.o(i.xTaskPriorityDisinherit)
    xTaskRemoveFromEventList                 0x08003df5   Thumb Code   254  tasks.o(i.xTaskRemoveFromEventList)
    xTaskResumeAll                           0x08003f41   Thumb Code   328  tasks.o(i.xTaskResumeAll)
    xTimerCreateTimerTask                    0x080040e1   Thumb Code    90  timers.o(i.xTimerCreateTimerTask)
    _fp_init                                 0x08004185   Thumb Code    10  fpinit.o(x$fpl$fpinit)
    __fplib_config_fpu_vfp                   0x0800418d   Thumb Code     0  fpinit.o(x$fpl$fpinit)
    __fplib_config_pureend_doubles           0x0800418d   Thumb Code     0  fpinit.o(x$fpl$fpinit)
    AHBPrescTable                            0x0800418e   Data          16  system_stm32f4xx.o(.constdata)
    APBPrescTable                            0x0800419e   Data           8  system_stm32f4xx.o(.constdata)
    Region$$Table$$Base                      0x080041a8   Number         0  anon$$obj.o(Region$$Table)
    Region$$Table$$Limit                     0x080041c8   Number         0  anon$$obj.o(Region$$Table)
    SystemCoreClock                          0x20000000   Data           4  system_stm32f4xx.o(.data)
    start_task_handler                       0x20000004   Data           4  freertos_demo.o(.data)
    task1_handler                            0x20000008   Data           4  freertos_demo.o(.data)
    task2_handler                            0x2000000c   Data           4  freertos_demo.o(.data)
    task3_handler                            0x20000010   Data           4  freertos_demo.o(.data)
    __stdout                                 0x20000018   Data           4  usart.o(.data)
    g_usart_rx_sta                           0x2000001c   Data           2  usart.o(.data)
    g_rx_buffer                              0x2000001e   Data           1  usart.o(.data)
    uwTick                                   0x20000020   Data           4  stm32f4xx_hal.o(.data)
    uwTickPrio                               0x20000024   Data           4  stm32f4xx_hal.o(.data)
    uwTickFreq                               0x20000028   Data           1  stm32f4xx_hal.o(.data)
    pxCurrentTCB                             0x2000002c   Data           4  tasks.o(.data)
    uxTopUsedPriority                        0x20000064   Data           4  tasks.o(.data)
    start_task_stack                         0x200000ac   Data         512  freertos_demo.o(.bss)
    start_task_tcb                           0x200002ac   Data          92  freertos_demo.o(.bss)
    task1_stack                              0x20000308   Data         512  freertos_demo.o(.bss)
    task1_tcb                                0x20000508   Data          92  freertos_demo.o(.bss)
    task2_stack                              0x20000564   Data         512  freertos_demo.o(.bss)
    task2_tcb                                0x20000764   Data          92  freertos_demo.o(.bss)
    task3_stack                              0x200007c0   Data         512  freertos_demo.o(.bss)
    task3_tcb                                0x200009c0   Data          92  freertos_demo.o(.bss)
    idle_task_tcb                            0x20000a1c   Data          92  freertos_demo.o(.bss)
    idle_task_stack                          0x20000a78   Data         512  freertos_demo.o(.bss)
    timer_task_tcb                           0x20000c78   Data          92  freertos_demo.o(.bss)
    timer_task_stack                         0x20000cd4   Data        1024  freertos_demo.o(.bss)
    g_usart_rx_buf                           0x200010d4   Data         200  usart.o(.bss)
    g_uart1_handle                           0x2000119c   Data          68  usart.o(.bss)
    g_timx_handle                            0x200011e0   Data          72  gtim.o(.bss)
    SDRAM_Handler                            0x20001228   Data          52  sdram.o(.bss)
    xQueueRegistry                           0x2000125c   Data          64  queue.o(.bss)
    __libspace_start                         0x2000164c   Data          96  libspace.o(.bss)
    __temporary_stack_top$libspace           0x200016ac   Data           0  libspace.o(.bss)



==============================================================================

Memory Map of the image

  Image Entry point : 0x080001ad

  Load Region LR_IROM1 (Base: 0x08000000, Size: 0x00004274, Max: 0x00100000, ABSOLUTE)

    Execution Region ER_IROM1 (Exec base: 0x08000000, Load base: 0x08000000, Size: 0x000041c8, Max: 0x00100000, ABSOLUTE)

    Exec Addr    Load Addr    Size         Type   Attr      Idx    E Section Name        Object

    0x08000000   0x08000000   0x000001ac   Data   RO            3    RESET               startup_stm32f427x.o
    0x080001ac   0x080001ac   0x00000008   Code   RO         5720  * !!!main             c_w.l(__main.o)
    0x080001b4   0x080001b4   0x00000034   Code   RO         5903    !!!scatter          c_w.l(__scatter.o)
    0x080001e8   0x080001e8   0x0000001a   Code   RO         5905    !!handler_copy      c_w.l(__scatter_copy.o)
    0x08000202   0x08000202   0x00000002   PAD
    0x08000204   0x08000204   0x0000001c   Code   RO         5907    !!handler_zi        c_w.l(__scatter_zi.o)
    0x08000220   0x08000220   0x00000000   Code   RO         5705    .ARM.Collect$$_printf_percent$$00000000  c_w.l(_printf_percent.o)
    0x08000220   0x08000220   0x00000006   Code   RO         5703    .ARM.Collect$$_printf_percent$$00000009  c_w.l(_printf_d.o)
    0x08000226   0x08000226   0x00000006   Code   RO         5702    .ARM.Collect$$_printf_percent$$00000014  c_w.l(_printf_s.o)
    0x0800022c   0x0800022c   0x00000004   Code   RO         5739    .ARM.Collect$$_printf_percent$$00000017  c_w.l(_printf_percent_end.o)
    0x08000230   0x08000230   0x00000002   Code   RO         5780    .ARM.Collect$$libinit$$00000000  c_w.l(libinit.o)
    0x08000232   0x08000232   0x00000004   Code   RO         5792    .ARM.Collect$$libinit$$00000001  c_w.l(libinit2.o)
    0x08000236   0x08000236   0x00000000   Code   RO         5795    .ARM.Collect$$libinit$$00000004  c_w.l(libinit2.o)
    0x08000236   0x08000236   0x00000000   Code   RO         5798    .ARM.Collect$$libinit$$0000000A  c_w.l(libinit2.o)
    0x08000236   0x08000236   0x00000000   Code   RO         5800    .ARM.Collect$$libinit$$0000000C  c_w.l(libinit2.o)
    0x08000236   0x08000236   0x00000000   Code   RO         5802    .ARM.Collect$$libinit$$0000000E  c_w.l(libinit2.o)
    0x08000236   0x08000236   0x00000000   Code   RO         5805    .ARM.Collect$$libinit$$00000011  c_w.l(libinit2.o)
    0x08000236   0x08000236   0x00000000   Code   RO         5807    .ARM.Collect$$libinit$$00000013  c_w.l(libinit2.o)
    0x08000236   0x08000236   0x00000000   Code   RO         5809    .ARM.Collect$$libinit$$00000015  c_w.l(libinit2.o)
    0x08000236   0x08000236   0x00000000   Code   RO         5811    .ARM.Collect$$libinit$$00000017  c_w.l(libinit2.o)
    0x08000236   0x08000236   0x00000000   Code   RO         5813    .ARM.Collect$$libinit$$00000019  c_w.l(libinit2.o)
    0x08000236   0x08000236   0x00000000   Code   RO         5815    .ARM.Collect$$libinit$$0000001B  c_w.l(libinit2.o)
    0x08000236   0x08000236   0x00000000   Code   RO         5817    .ARM.Collect$$libinit$$0000001D  c_w.l(libinit2.o)
    0x08000236   0x08000236   0x00000000   Code   RO         5819    .ARM.Collect$$libinit$$0000001F  c_w.l(libinit2.o)
    0x08000236   0x08000236   0x00000000   Code   RO         5821    .ARM.Collect$$libinit$$00000021  c_w.l(libinit2.o)
    0x08000236   0x08000236   0x00000000   Code   RO         5823    .ARM.Collect$$libinit$$00000023  c_w.l(libinit2.o)
    0x08000236   0x08000236   0x00000000   Code   RO         5825    .ARM.Collect$$libinit$$00000025  c_w.l(libinit2.o)
    0x08000236   0x08000236   0x00000000   Code   RO         5829    .ARM.Collect$$libinit$$0000002C  c_w.l(libinit2.o)
    0x08000236   0x08000236   0x00000000   Code   RO         5831    .ARM.Collect$$libinit$$0000002E  c_w.l(libinit2.o)
    0x08000236   0x08000236   0x00000000   Code   RO         5833    .ARM.Collect$$libinit$$00000030  c_w.l(libinit2.o)
    0x08000236   0x08000236   0x00000000   Code   RO         5835    .ARM.Collect$$libinit$$00000032  c_w.l(libinit2.o)
    0x08000236   0x08000236   0x00000002   Code   RO         5836    .ARM.Collect$$libinit$$00000033  c_w.l(libinit2.o)
    0x08000238   0x08000238   0x00000002   Code   RO         5860    .ARM.Collect$$libshutdown$$00000000  c_w.l(libshutdown.o)
    0x0800023a   0x0800023a   0x00000000   Code   RO         5884    .ARM.Collect$$libshutdown$$00000002  c_w.l(libshutdown2.o)
    0x0800023a   0x0800023a   0x00000000   Code   RO         5886    .ARM.Collect$$libshutdown$$00000004  c_w.l(libshutdown2.o)
    0x0800023a   0x0800023a   0x00000000   Code   RO         5888    .ARM.Collect$$libshutdown$$00000006  c_w.l(libshutdown2.o)
    0x0800023a   0x0800023a   0x00000000   Code   RO         5891    .ARM.Collect$$libshutdown$$00000009  c_w.l(libshutdown2.o)
    0x0800023a   0x0800023a   0x00000000   Code   RO         5894    .ARM.Collect$$libshutdown$$0000000C  c_w.l(libshutdown2.o)
    0x0800023a   0x0800023a   0x00000000   Code   RO         5896    .ARM.Collect$$libshutdown$$0000000E  c_w.l(libshutdown2.o)
    0x0800023a   0x0800023a   0x00000000   Code   RO         5899    .ARM.Collect$$libshutdown$$00000011  c_w.l(libshutdown2.o)
    0x0800023a   0x0800023a   0x00000002   Code   RO         5900    .ARM.Collect$$libshutdown$$00000012  c_w.l(libshutdown2.o)
    0x0800023c   0x0800023c   0x00000000   Code   RO         5724    .ARM.Collect$$rtentry$$00000000  c_w.l(__rtentry.o)
    0x0800023c   0x0800023c   0x00000000   Code   RO         5745    .ARM.Collect$$rtentry$$00000002  c_w.l(__rtentry2.o)
    0x0800023c   0x0800023c   0x00000006   Code   RO         5757    .ARM.Collect$$rtentry$$00000004  c_w.l(__rtentry4.o)
    0x08000242   0x08000242   0x00000000   Code   RO         5747    .ARM.Collect$$rtentry$$00000009  c_w.l(__rtentry2.o)
    0x08000242   0x08000242   0x00000004   Code   RO         5748    .ARM.Collect$$rtentry$$0000000A  c_w.l(__rtentry2.o)
    0x08000246   0x08000246   0x00000000   Code   RO         5750    .ARM.Collect$$rtentry$$0000000C  c_w.l(__rtentry2.o)
    0x08000246   0x08000246   0x00000008   Code   RO         5751    .ARM.Collect$$rtentry$$0000000D  c_w.l(__rtentry2.o)
    0x0800024e   0x0800024e   0x00000002   Code   RO         5784    .ARM.Collect$$rtexit$$00000000  c_w.l(rtexit.o)
    0x08000250   0x08000250   0x00000000   Code   RO         5838    .ARM.Collect$$rtexit$$00000002  c_w.l(rtexit2.o)
    0x08000250   0x08000250   0x00000004   Code   RO         5839    .ARM.Collect$$rtexit$$00000003  c_w.l(rtexit2.o)
    0x08000254   0x08000254   0x00000006   Code   RO         5840    .ARM.Collect$$rtexit$$00000004  c_w.l(rtexit2.o)
    0x0800025a   0x0800025a   0x00000002   PAD
    0x0800025c   0x0800025c   0x000000be   Code   RO         5575    .emb_text           port.o
    0x0800031a   0x0800031a   0x00000002   PAD
    0x0800031c   0x0800031c   0x00000040   Code   RO            4    .text               startup_stm32f427x.o
    0x0800035c   0x0800035c   0x00000002   Code   RO         5663    .text               c_w.l(use_no_semi_2.o)
    0x0800035e   0x0800035e   0x000000ee   Code   RO         5665    .text               c_w.l(lludivv7m.o)
    0x0800044c   0x0800044c   0x00000018   Code   RO         5671    .text               c_w.l(noretval__2printf.o)
    0x08000464   0x08000464   0x00000068   Code   RO         5675    .text               c_w.l(__printf.o)
    0x080004cc   0x080004cc   0x00000052   Code   RO         5677    .text               c_w.l(_printf_str.o)
    0x0800051e   0x0800051e   0x00000002   PAD
    0x08000520   0x08000520   0x00000078   Code   RO         5679    .text               c_w.l(_printf_dec.o)
    0x08000598   0x08000598   0x0000008a   Code   RO         5710    .text               c_w.l(rt_memcpy_v6.o)
    0x08000622   0x08000622   0x00000010   Code   RO         5714    .text               c_w.l(aeabi_memset.o)
    0x08000632   0x08000632   0x0000004e   Code   RO         5716    .text               c_w.l(rt_memclr_w.o)
    0x08000680   0x08000680   0x00000006   Code   RO         5718    .text               c_w.l(heapauxi.o)
    0x08000686   0x08000686   0x00000002   Code   RO         5722    .text               c_w.l(use_no_semi.o)
    0x08000688   0x08000688   0x000000b2   Code   RO         5729    .text               c_w.l(_printf_intcommon.o)
    0x0800073a   0x0800073a   0x00000002   PAD
    0x0800073c   0x0800073c   0x00000030   Code   RO         5731    .text               c_w.l(_printf_char_common.o)
    0x0800076c   0x0800076c   0x0000002c   Code   RO         5735    .text               c_w.l(_printf_char.o)
    0x08000798   0x08000798   0x00000024   Code   RO         5737    .text               c_w.l(_printf_char_file.o)
    0x080007bc   0x080007bc   0x00000064   Code   RO         5740    .text               c_w.l(rt_memcpy_w.o)
    0x08000820   0x08000820   0x00000044   Code   RO         5742    .text               c_w.l(rt_memclr.o)
    0x08000864   0x08000864   0x00000008   Code   RO         5763    .text               c_w.l(ferror.o)
    0x0800086c   0x0800086c   0x0000004a   Code   RO         5767    .text               c_w.l(sys_stackheap_outer.o)
    0x080008b6   0x080008b6   0x00000012   Code   RO         5769    .text               c_w.l(exit.o)
    0x080008c8   0x080008c8   0x00000008   Code   RO         5781    .text               c_w.l(libspace.o)
    0x080008d0   0x080008d0   0x00000004   Code   RO          267    i.BusFault_Handler  stm32f4xx_it.o
    0x080008d4   0x080008d4   0x00000002   Code   RO          268    i.DebugMon_Handler  stm32f4xx_it.o
    0x080008d6   0x080008d6   0x00000074   Code   RO         3826    i.FMC_SDRAM_Init    stm32f4xx_ll_fmc.o
    0x0800094a   0x0800094a   0x0000000e   Code   RO         3827    i.FMC_SDRAM_ProgramRefreshRate  stm32f4xx_ll_fmc.o
    0x08000958   0x08000958   0x00000052   Code   RO         3828    i.FMC_SDRAM_SendCommand  stm32f4xx_ll_fmc.o
    0x080009aa   0x080009aa   0x00000002   PAD
    0x080009ac   0x080009ac   0x0000009c   Code   RO         3830    i.FMC_SDRAM_Timing_Init  stm32f4xx_ll_fmc.o
    0x08000a48   0x08000a48   0x000000aa   Code   RO         3279    i.HAL_DMA_Abort     stm32f4xx_hal_dma.o
    0x08000af2   0x08000af2   0x00000028   Code   RO         3280    i.HAL_DMA_Abort_IT  stm32f4xx_hal_dma.o
    0x08000b1a   0x08000b1a   0x00000002   PAD
    0x08000b1c   0x08000b1c   0x00000220   Code   RO         1159    i.HAL_GPIO_Init     stm32f4xx_hal_gpio.o
    0x08000d3c   0x08000d3c   0x00000010   Code   RO         1161    i.HAL_GPIO_ReadPin  stm32f4xx_hal_gpio.o
    0x08000d4c   0x08000d4c   0x00000014   Code   RO         1162    i.HAL_GPIO_TogglePin  stm32f4xx_hal_gpio.o
    0x08000d60   0x08000d60   0x0000000c   Code   RO         1163    i.HAL_GPIO_WritePin  stm32f4xx_hal_gpio.o
    0x08000d6c   0x08000d6c   0x0000000c   Code   RO          833    i.HAL_GetTick       stm32f4xx_hal.o
    0x08000d78   0x08000d78   0x00000018   Code   RO          839    i.HAL_IncTick       stm32f4xx_hal.o
    0x08000d90   0x08000d90   0x00000030   Code   RO          840    i.HAL_Init          stm32f4xx_hal.o
    0x08000dc0   0x08000dc0   0x0000004c   Code   RO          841    i.HAL_InitTick      stm32f4xx_hal.o
    0x08000e0c   0x08000e0c   0x00000002   Code   RO          843    i.HAL_MspInit       stm32f4xx_hal.o
    0x08000e0e   0x08000e0e   0x00000020   Code   RO         1021    i.HAL_NVIC_EnableIRQ  stm32f4xx_hal_cortex.o
    0x08000e2e   0x08000e2e   0x0000007c   Code   RO         1027    i.HAL_NVIC_SetPriority  stm32f4xx_hal_cortex.o
    0x08000eaa   0x08000eaa   0x00000002   PAD
    0x08000eac   0x08000eac   0x00000028   Code   RO         1028    i.HAL_NVIC_SetPriorityGrouping  stm32f4xx_hal_cortex.o
    0x08000ed4   0x08000ed4   0x0000000c   Code   RO         1228    i.HAL_RCC_GetHCLKFreq  stm32f4xx_hal_rcc.o
    0x08000ee0   0x08000ee0   0x00000020   Code   RO         1230    i.HAL_RCC_GetPCLK1Freq  stm32f4xx_hal_rcc.o
    0x08000f00   0x08000f00   0x00000020   Code   RO         1231    i.HAL_RCC_GetPCLK2Freq  stm32f4xx_hal_rcc.o
    0x08000f20   0x08000f20   0x00000040   Code   RO         3656    i.HAL_SDRAM_Init    stm32f4xx_hal_sdram.o
    0x08000f60   0x08000f60   0x00000134   Code   RO         4079    i.HAL_SDRAM_MspInit  sdram.o
    0x08001094   0x08001094   0x00000028   Code   RO         3659    i.HAL_SDRAM_ProgramRefreshRate  stm32f4xx_hal_sdram.o
    0x080010bc   0x080010bc   0x0000003a   Code   RO         3665    i.HAL_SDRAM_SendCommand  stm32f4xx_hal_sdram.o
    0x080010f6   0x080010f6   0x00000028   Code   RO         1030    i.HAL_SYSTICK_CLKSourceConfig  stm32f4xx_hal_cortex.o
    0x0800111e   0x0800111e   0x00000034   Code   RO         1032    i.HAL_SYSTICK_Config  stm32f4xx_hal_cortex.o
    0x08001152   0x08001152   0x00000002   Code   RO         1859    i.HAL_UARTEx_RxEventCallback  stm32f4xx_hal_uart.o
    0x08001154   0x08001154   0x00000002   Code   RO         1873    i.HAL_UART_ErrorCallback  stm32f4xx_hal_uart.o
    0x08001156   0x08001156   0x00000014   Code   RO         1875    i.HAL_UART_GetState  stm32f4xx_hal_uart.o
    0x0800116a   0x0800116a   0x00000002   PAD
    0x0800116c   0x0800116c   0x00000250   Code   RO         1876    i.HAL_UART_IRQHandler  stm32f4xx_hal_uart.o
    0x080013bc   0x080013bc   0x00000072   Code   RO         1877    i.HAL_UART_Init     stm32f4xx_hal_uart.o
    0x0800142e   0x0800142e   0x00000002   PAD
    0x08001430   0x08001430   0x000000cc   Code   RO          741    i.HAL_UART_MspInit  usart.o
    0x080014fc   0x080014fc   0x00000042   Code   RO         1882    i.HAL_UART_Receive_IT  stm32f4xx_hal_uart.o
    0x0800153e   0x0800153e   0x00000002   PAD
    0x08001540   0x08001540   0x00000088   Code   RO          742    i.HAL_UART_RxCpltCallback  usart.o
    0x080015c8   0x080015c8   0x00000002   Code   RO         1888    i.HAL_UART_TxCpltCallback  stm32f4xx_hal_uart.o
    0x080015ca   0x080015ca   0x00000004   Code   RO          269    i.HardFault_Handler  stm32f4xx_it.o
    0x080015ce   0x080015ce   0x00000004   Code   RO          270    i.MemManage_Handler  stm32f4xx_it.o
    0x080015d2   0x080015d2   0x00000002   Code   RO          271    i.NMI_Handler       stm32f4xx_it.o
    0x080015d4   0x080015d4   0x00000068   Code   RO         4080    i.SDRAM_Init        sdram.o
    0x0800163c   0x0800163c   0x00000054   Code   RO         4081    i.SDRAM_Initialization_Sequence  sdram.o
    0x08001690   0x08001690   0x00000048   Code   RO         4082    i.SDRAM_Send_Cmd    sdram.o
    0x080016d8   0x080016d8   0x000000b8   Code   RO          513    i.StartTask         freertos_demo.o
    0x08001790   0x08001790   0x00000014   Code   RO          618    i.SysTick_Handler   delay.o
    0x080017a4   0x080017a4   0x00000014   Code   RO          477    i.SystemInit        system_stm32f4xx.o
    0x080017b8   0x080017b8   0x00000030   Code   RO         4041    i.TIM3_IRQHandler   gtim.o
    0x080017e8   0x080017e8   0x00000020   Code   RO          514    i.Task1             freertos_demo.o
    0x08001808   0x08001808   0x00000020   Code   RO          515    i.Task2             freertos_demo.o
    0x08001828   0x08001828   0x0000002c   Code   RO          516    i.Task3             freertos_demo.o
    0x08001854   0x08001854   0x00000014   Code   RO         1890    i.UART_DMAAbortOnError  stm32f4xx_hal_uart.o
    0x08001868   0x08001868   0x00000036   Code   RO         1900    i.UART_EndRxTransfer  stm32f4xx_hal_uart.o
    0x0800189e   0x0800189e   0x00000020   Code   RO         1901    i.UART_EndTransmit_IT  stm32f4xx_hal_uart.o
    0x080018be   0x080018be   0x000000be   Code   RO         1903    i.UART_Receive_IT   stm32f4xx_hal_uart.o
    0x0800197c   0x0800197c   0x0000022c   Code   RO         1904    i.UART_SetConfig    stm32f4xx_hal_uart.o
    0x08001ba8   0x08001ba8   0x00000046   Code   RO         1906    i.UART_Start_Receive_IT  stm32f4xx_hal_uart.o
    0x08001bee   0x08001bee   0x00000060   Code   RO         1907    i.UART_Transmit_IT  stm32f4xx_hal_uart.o
    0x08001c4e   0x08001c4e   0x00000002   PAD
    0x08001c50   0x08001c50   0x00000050   Code   RO          743    i.USART1_IRQHandler  usart.o
    0x08001ca0   0x08001ca0   0x00000004   Code   RO          272    i.UsageFault_Handler  stm32f4xx_it.o
    0x08001ca4   0x08001ca4   0x00000010   Code   RO         1034    i.__NVIC_GetPriorityGrouping  stm32f4xx_hal_cortex.o
    0x08001cb4   0x08001cb4   0x00000028   Code   RO         1035    i.__NVIC_SetPriority  stm32f4xx_hal_cortex.o
    0x08001cdc   0x08001cdc   0x00000004   Code   RO          745    i._sys_exit         usart.o
    0x08001ce0   0x08001ce0   0x00000038   Code   RO          619    i.delay_init        delay.o
    0x08001d18   0x08001d18   0x00000018   Code   RO          620    i.delay_ms          delay.o
    0x08001d30   0x08001d30   0x00000048   Code   RO          621    i.delay_us          delay.o
    0x08001d78   0x08001d78   0x0000001c   Code   RO          747    i.fputc             usart.o
    0x08001d94   0x08001d94   0x00000040   Code   RO          517    i.freertos_demo     freertos_demo.o
    0x08001dd4   0x08001dd4   0x00000100   Code   RO         4010    i.key_init          key.o
    0x08001ed4   0x08001ed4   0x000000c8   Code   RO         4011    i.key_scan          key.o
    0x08001f9c   0x08001f9c   0x0000009c   Code   RO         3986    i.led_init          led.o
    0x08002038   0x08002038   0x00000028   Code   RO           13    i.main              main.o
    0x08002060   0x08002060   0x000000cc   Code   RO         4894    i.prvAddCurrentTaskToDelayedList  tasks.o
    0x0800212c   0x0800212c   0x000000ec   Code   RO         4895    i.prvAddNewTaskToReadyList  tasks.o
    0x08002218   0x08002218   0x00000074   Code   RO         5325    i.prvCheckForValidListAndQueue  timers.o
    0x0800228c   0x0800228c   0x00000048   Code   RO         4896    i.prvCheckTasksWaitingTermination  tasks.o
    0x080022d4   0x080022d4   0x0000002a   Code   RO         4430    i.prvCopyDataFromQueue  queue.o
    0x080022fe   0x080022fe   0x0000007e   Code   RO         4431    i.prvCopyDataToQueue  queue.o
    0x0800237c   0x0800237c   0x0000007c   Code   RO         4897    i.prvDeleteTCB      tasks.o
    0x080023f8   0x080023f8   0x00000028   Code   RO         5326    i.prvGetNextExpireTime  timers.o
    0x08002420   0x08002420   0x00000028   Code   RO         4898    i.prvIdleTask       tasks.o
    0x08002448   0x08002448   0x0000002e   Code   RO         4434    i.prvInitialiseNewQueue  queue.o
    0x08002476   0x08002476   0x00000002   PAD
    0x08002478   0x08002478   0x00000104   Code   RO         4899    i.prvInitialiseNewTask  tasks.o
    0x0800257c   0x0800257c   0x00000068   Code   RO         4900    i.prvInitialiseTaskLists  tasks.o
    0x080025e4   0x080025e4   0x00000068   Code   RO         5509    i.prvInsertBlockIntoFreeList  heap_4.o
    0x0800264c   0x0800264c   0x00000058   Code   RO         5328    i.prvInsertTimerInActiveList  timers.o
    0x080026a4   0x080026a4   0x0000001a   Code   RO         4435    i.prvIsQueueEmpty   queue.o
    0x080026be   0x080026be   0x00000002   PAD
    0x080026c0   0x080026c0   0x000000c4   Code   RO         4437    i.prvNotifyQueueSetContainer  queue.o
    0x08002784   0x08002784   0x00000044   Code   RO         5329    i.prvProcessExpiredTimer  timers.o
    0x080027c8   0x080027c8   0x0000016c   Code   RO         5330    i.prvProcessReceivedCommands  timers.o
    0x08002934   0x08002934   0x00000074   Code   RO         5331    i.prvProcessTimerOrBlockTask  timers.o
    0x080029a8   0x080029a8   0x00000028   Code   RO         5332    i.prvReloadTimer    timers.o
    0x080029d0   0x080029d0   0x00000030   Code   RO         4902    i.prvResetNextTaskUnblockTime  tasks.o
    0x08002a00   0x08002a00   0x0000002c   Code   RO         5333    i.prvSampleTimeNow  timers.o
    0x08002a2c   0x08002a2c   0x00000044   Code   RO         5334    i.prvSwitchTimerLists  timers.o
    0x08002a70   0x08002a70   0x00000080   Code   RO         5576    i.prvTaskExitError  port.o
    0x08002af0   0x08002af0   0x0000001a   Code   RO         5335    i.prvTimerTask      timers.o
    0x08002b0a   0x08002b0a   0x00000090   Code   RO         4438    i.prvUnlockQueue    queue.o
    0x08002b9a   0x08002b9a   0x00000002   PAD
    0x08002b9c   0x08002b9c   0x0000002c   Code   RO         5577    i.pxPortInitialiseStack  port.o
    0x08002bc8   0x08002bc8   0x00000038   Code   RO          748    i.usart_init        usart.o
    0x08002c00   0x08002c00   0x00000028   Code   RO         4378    i.uxListRemove      list.o
    0x08002c28   0x08002c28   0x00000018   Code   RO          518    i.vApplicationGetIdleTaskMemory  freertos_demo.o
    0x08002c40   0x08002c40   0x00000018   Code   RO          519    i.vApplicationGetTimerTaskMemory  freertos_demo.o
    0x08002c58   0x08002c58   0x0000001a   Code   RO         4379    i.vListInitialise   list.o
    0x08002c72   0x08002c72   0x00000006   Code   RO         4380    i.vListInitialiseItem  list.o
    0x08002c78   0x08002c78   0x00000034   Code   RO         4381    i.vListInsert       list.o
    0x08002cac   0x08002cac   0x00000018   Code   RO         4382    i.vListInsertEnd    list.o
    0x08002cc4   0x08002cc4   0x00000098   Code   RO         5579    i.vPortEnterCritical  port.o
    0x08002d5c   0x08002d5c   0x00000080   Code   RO         5580    i.vPortExitCritical  port.o
    0x08002ddc   0x08002ddc   0x000000d8   Code   RO         5511    i.vPortFree         heap_4.o
    0x08002eb4   0x08002eb4   0x00000028   Code   RO         5581    i.vPortSetupTimerInterrupt  port.o
    0x08002edc   0x08002edc   0x0000008c   Code   RO         4444    i.vQueueAddToRegistry  queue.o
    0x08002f68   0x08002f68   0x0000004a   Code   RO         4448    i.vQueueWaitForMessageRestricted  queue.o
    0x08002fb2   0x08002fb2   0x00000002   PAD
    0x08002fb4   0x08002fb4   0x00000084   Code   RO         4917    i.vTaskDelay        tasks.o
    0x08003038   0x08003038   0x00000124   Code   RO         4918    i.vTaskDelete       tasks.o
    0x0800315c   0x0800315c   0x00000018   Code   RO         4922    i.vTaskInternalSetTimeOutState  tasks.o
    0x08003174   0x08003174   0x0000000c   Code   RO         4924    i.vTaskMissedYield  tasks.o
    0x08003180   0x08003180   0x00000064   Code   RO         4925    i.vTaskPlaceOnEventList  tasks.o
    0x080031e4   0x080031e4   0x0000008c   Code   RO         4926    i.vTaskPlaceOnEventListRestricted  tasks.o
    0x08003270   0x08003270   0x000000ec   Code   RO         4934    i.vTaskStartScheduler  tasks.o
    0x0800335c   0x0800335c   0x00000010   Code   RO         4936    i.vTaskSuspendAll   tasks.o
    0x0800336c   0x0800336c   0x000000b8   Code   RO         4937    i.vTaskSwitchContext  tasks.o
    0x08003424   0x08003424   0x000001ac   Code   RO         5583    i.xPortStartScheduler  port.o
    0x080035d0   0x080035d0   0x00000034   Code   RO         5584    i.xPortSysTickHandler  port.o
    0x08003604   0x08003604   0x000000b4   Code   RO         4456    i.xQueueGenericCreateStatic  queue.o
    0x080036b8   0x080036b8   0x000000fc   Code   RO         4457    i.xQueueGenericReset  queue.o
    0x080037b4   0x080037b4   0x00000180   Code   RO         4466    i.xQueueReceive     queue.o
    0x08003934   0x08003934   0x000000cc   Code   RO         4940    i.xTaskCheckForTimeOut  tasks.o
    0x08003a00   0x08003a00   0x000000d0   Code   RO         4942    i.xTaskCreateStatic  tasks.o
    0x08003ad0   0x08003ad0   0x00000020   Code   RO         4951    i.xTaskGetSchedulerState  tasks.o
    0x08003af0   0x08003af0   0x0000000c   Code   RO         4952    i.xTaskGetTickCount  tasks.o
    0x08003afc   0x08003afc   0x000001e8   Code   RO         4954    i.xTaskIncrementTick  tasks.o
    0x08003ce4   0x08003ce4   0x00000110   Code   RO         4955    i.xTaskPriorityDisinherit  tasks.o
    0x08003df4   0x08003df4   0x0000014c   Code   RO         4957    i.xTaskRemoveFromEventList  tasks.o
    0x08003f40   0x08003f40   0x000001a0   Code   RO         4958    i.xTaskResumeAll    tasks.o
    0x080040e0   0x080040e0   0x000000a4   Code   RO         5344    i.xTimerCreateTimerTask  timers.o
    0x08004184   0x08004184   0x0000000a   Code   RO         5850    x$fpl$fpinit        fz_wm.l(fpinit.o)
    0x0800418e   0x0800418e   0x00000018   Data   RO          478    .constdata          system_stm32f4xx.o
    0x080041a6   0x080041a6   0x00000002   PAD
    0x080041a8   0x080041a8   0x00000020   Data   RO         5901    Region$$Table       anon$$obj.o


    Execution Region RW_IRAM1 (Exec base: 0x20000000, Load base: 0x080041c8, Size: 0x00001cb0, Max: 0x00030000, ABSOLUTE)

    Exec Addr    Load Addr    Size         Type   Attr      Idx    E Section Name        Object

    0x20000000   0x080041c8   0x00000004   Data   RW          479    .data               system_stm32f4xx.o
    0x20000004   0x080041cc   0x00000010   Data   RW          521    .data               freertos_demo.o
    0x20000014   0x080041dc   0x00000004   Data   RW          622    .data               delay.o
    0x20000018   0x080041e0   0x00000007   Data   RW          750    .data               usart.o
    0x2000001f   0x080041e7   0x00000001   PAD
    0x20000020   0x080041e8   0x00000009   Data   RW          847    .data               stm32f4xx_hal.o
    0x20000029   0x080041f1   0x00000001   Data   RW         4012    .data               key.o
    0x2000002a   0x080041f2   0x00000002   PAD
    0x2000002c   0x080041f4   0x00000040   Data   RW         4961    .data               tasks.o
    0x2000006c   0x08004234   0x00000014   Data   RW         5353    .data               timers.o
    0x20000080   0x08004248   0x00000020   Data   RW         5517    .data               heap_4.o
    0x200000a0   0x08004268   0x0000000c   Data   RW         5585    .data               port.o
    0x200000ac        -       0x00001028   Zero   RW          520    .bss                freertos_demo.o
    0x200010d4        -       0x0000010c   Zero   RW          749    .bss                usart.o
    0x200011e0        -       0x00000048   Zero   RW         4043    .bss                gtim.o
    0x20001228        -       0x00000034   Zero   RW         4083    .bss                sdram.o
    0x2000125c        -       0x00000040   Zero   RW         4473    .bss                queue.o
    0x2000129c        -       0x000002e4   Zero   RW         4960    .bss                tasks.o
    0x20001580        -       0x000000cc   Zero   RW         5352    .bss                timers.o
    0x2000164c        -       0x00000060   Zero   RW         5782    .bss                c_w.l(libspace.o)
    0x200016ac   0x08004274   0x00000004   PAD
    0x200016b0        -       0x00000200   Zero   RW            2    HEAP                startup_stm32f427x.o
    0x200018b0        -       0x00000400   Zero   RW            1    STACK               startup_stm32f427x.o



  Load Region LR$$.ARM.__AT_0x10000000 (Base: 0x10000000, Size: 0x00000000, Max: 0x0000f000, ABSOLUTE)

    Execution Region ER$$.ARM.__AT_0x10000000 (Exec base: 0x10000000, Load base: 0x10000000, Size: 0x0000f000, Max: 0x0000f000, ABSOLUTE, UNINIT)

    Exec Addr    Load Addr    Size         Type   Attr      Idx    E Section Name        Object

    0x10000000        -       0x0000f000   Zero   RW         4146    .ARM.__AT_0x10000000  malloc.o



  Load Region LR$$.ARM.__AT_0x1000F000 (Base: 0x1000f000, Size: 0x00000000, Max: 0x00000f00, ABSOLUTE)

    Execution Region ER$$.ARM.__AT_0x1000F000 (Exec base: 0x1000f000, Load base: 0x1000f000, Size: 0x00000f00, Max: 0x00000f00, ABSOLUTE, UNINIT)

    Exec Addr    Load Addr    Size         Type   Attr      Idx    E Section Name        Object

    0x1000f000        -       0x00000f00   Zero   RW         4147    .ARM.__AT_0x1000F000  malloc.o



  Load Region LR$$.ARM.__AT_0x68000000 (Base: 0x68000000, Size: 0x00000000, Max: 0x000f0c00, ABSOLUTE)

    Execution Region ER$$.ARM.__AT_0x68000000 (Exec base: 0x68000000, Load base: 0x68000000, Size: 0x000f0c00, Max: 0x000f0c00, ABSOLUTE, UNINIT)

    Exec Addr    Load Addr    Size         Type   Attr      Idx    E Section Name        Object

    0x68000000        -       0x000f0c00   Zero   RW         4148    .ARM.__AT_0x68000000  malloc.o



  Load Region LR$$.ARM.__AT_0x680F0C00 (Base: 0x680f0c00, Size: 0x00000000, Max: 0x0000f0c0, ABSOLUTE)

    Execution Region ER$$.ARM.__AT_0x680F0C00 (Exec base: 0x680f0c00, Load base: 0x680f0c00, Size: 0x0000f0c0, Max: 0x0000f0c0, ABSOLUTE, UNINIT)

    Exec Addr    Load Addr    Size         Type   Attr      Idx    E Section Name        Object

    0x680f0c00        -       0x0000f0c0   Zero   RW         4149    .ARM.__AT_0x680F0C00  malloc.o


==============================================================================

Image component sizes


      Code (inc. data)   RO Data    RW Data    ZI Data      Debug   Object Name

       172          8          0          4          0       2745   delay.o
         0          0          0          0          0      22708   event_groups.o
       404        142          0         16       4136      29564   freertos_demo.o
        48          8          0          0         72        814   gtim.o
       320         94          0         32          0       2772   heap_4.o
       456         32          0          1          0       1910   key.o
       156         14          0          0          0       1011   led.o
       148          0          0          0          0      11602   list.o
        40          0          0          0          0     680679   main.o
         0          0          0          0    1113024       1867   malloc.o
      1162        382          0         12          0      10816   port.o
      1610        280          0          0         64      13821   queue.o
       568         44          0          0         52       3826   sdram.o
        64         26        428          0       1536        988   startup_stm32f427x.o
       162         30          0          9          0       9751   stm32f4xx_hal.o
       344         22          0          0          0      35425   stm32f4xx_hal_cortex.o
       210          0          0          0          0       2087   stm32f4xx_hal_dma.o
       592         54          0          0          0       3664   stm32f4xx_hal_gpio.o
        76         26          0          0          0       1856   stm32f4xx_hal_rcc.o
       162          0          0          0          0       2904   stm32f4xx_hal_sdram.o
      1816         16          0          0          0      11096   stm32f4xx_hal_uart.o
        20          0          0          0          0       3025   stm32f4xx_it.o
       368          4          0          0          0       3748   stm32f4xx_ll_fmc.o
        20          6         24          4          0       1471   system_stm32f4xx.o
      4188       1134          0         64        740      43376   tasks.o
      1134        226          0         20        204      14688   timers.o
       508         62          0          7        268       5965   usart.o

    ----------------------------------------------------------------------
     14772       2610        486        172    1120096     924179   Object Totals
         0          0         32          0          0          0   (incl. Generated)
        24          0          2          3          0          0   (incl. Padding)

    ----------------------------------------------------------------------

      Code (inc. data)   RO Data    RW Data    ZI Data      Debug   Library Member Name

         8          0          0          0          0         68   __main.o
       104          0          0          0          0         84   __printf.o
         0          0          0          0          0          0   __rtentry.o
        12          0          0          0          0          0   __rtentry2.o
         6          0          0          0          0          0   __rtentry4.o
        52          8          0          0          0          0   __scatter.o
        26          0          0          0          0          0   __scatter_copy.o
        28          0          0          0          0          0   __scatter_zi.o
        44          0          0          0          0        108   _printf_char.o
        48          6          0          0          0         96   _printf_char_common.o
        36          4          0          0          0         80   _printf_char_file.o
         6          0          0          0          0          0   _printf_d.o
       120         16          0          0          0         92   _printf_dec.o
       178          0          0          0          0         88   _printf_intcommon.o
         0          0          0          0          0          0   _printf_percent.o
         4          0          0          0          0          0   _printf_percent_end.o
         6          0          0          0          0          0   _printf_s.o
        82          0          0          0          0         80   _printf_str.o
        16          0          0          0          0         68   aeabi_memset.o
        18          0          0          0          0         80   exit.o
         8          0          0          0          0         68   ferror.o
         6          0          0          0          0        152   heapauxi.o
         2          0          0          0          0          0   libinit.o
         6          0          0          0          0          0   libinit2.o
         2          0          0          0          0          0   libshutdown.o
         2          0          0          0          0          0   libshutdown2.o
         8          4          0          0         96         68   libspace.o
       238          0          0          0          0        100   lludivv7m.o
        24          4          0          0          0         84   noretval__2printf.o
        68          0          0          0          0         68   rt_memclr.o
        78          0          0          0          0         80   rt_memclr_w.o
       138          0          0          0          0         68   rt_memcpy_v6.o
       100          0          0          0          0         80   rt_memcpy_w.o
         2          0          0          0          0          0   rtexit.o
        10          0          0          0          0          0   rtexit2.o
        74          0          0          0          0         80   sys_stackheap_outer.o
         2          0          0          0          0         68   use_no_semi.o
         2          0          0          0          0         68   use_no_semi_2.o
        10          0          0          0          0        116   fpinit.o

    ----------------------------------------------------------------------
      1582         42          0          0        100       1944   Library Totals
         8          0          0          0          4          0   (incl. Padding)

    ----------------------------------------------------------------------

      Code (inc. data)   RO Data    RW Data    ZI Data      Debug   Library Name

      1564         42          0          0         96       1828   c_w.l
        10          0          0          0          0        116   fz_wm.l

    ----------------------------------------------------------------------
      1582         42          0          0        100       1944   Library Totals

    ----------------------------------------------------------------------

==============================================================================


      Code (inc. data)   RO Data    RW Data    ZI Data      Debug   

     16354       2652        486        172    1120196     912087   Grand Totals
     16354       2652        486        172    1120196     912087   ELF Image Totals
     16354       2652        486        172          0          0   ROM Totals

==============================================================================

    Total RO  Size (Code + RO Data)                16840 (  16.45kB)
    Total RW  Size (RW Data + ZI Data)           1120368 (1094.11kB)
    Total ROM Size (Code + RO Data + RW Data)      17012 (  16.61kB)

==============================================================================

